###############################################################################
#
# IAR ELF Linker V9.30.1.335/W64 for ARM                  02/Nov/2023  10:57:33
# Copyright 2007-2022 IAR Systems AB.
#
#    Output file  =
#        E:\STM32H750XB_ETH\EWARM\STM32H750XB_ETH\Exe\STM32H750XB_ETH.out
#    Map file     =
#        E:\STM32H750XB_ETH\EWARM\STM32H750XB_ETH\List\STM32H750XB_ETH.map
#    Command line =
#        -f
#        E:\STM32H750XB_ETH\EWARM\STM32H750XB_ETH\Exe\STM32H750XB_ETH.out.rsp
#        (E:\STM32H750XB_ETH\EWARM\STM32H750XB_ETH\Obj\Middlewares\LwIP\altcp.o
#        E:\STM32H750XB_ETH\EWARM\STM32H750XB_ETH\Obj\Middlewares\LwIP\altcp_alloc.o
#        E:\STM32H750XB_ETH\EWARM\STM32H750XB_ETH\Obj\Middlewares\LwIP\altcp_tcp.o
#        E:\STM32H750XB_ETH\EWARM\STM32H750XB_ETH\Obj\Middlewares\LwIP\api_lib.o
#        E:\STM32H750XB_ETH\EWARM\STM32H750XB_ETH\Obj\Middlewares\LwIP\api_msg.o
#        E:\STM32H750XB_ETH\EWARM\STM32H750XB_ETH\Obj\Middlewares\LwIP\auth.o
#        E:\STM32H750XB_ETH\EWARM\STM32H750XB_ETH\Obj\Middlewares\LwIP\autoip.o
#        E:\STM32H750XB_ETH\EWARM\STM32H750XB_ETH\Obj\Middlewares\LwIP\bridgeif.o
#        E:\STM32H750XB_ETH\EWARM\STM32H750XB_ETH\Obj\Middlewares\LwIP\bridgeif_fdb.o
#        E:\STM32H750XB_ETH\EWARM\STM32H750XB_ETH\Obj\Middlewares\LwIP\ccp.o
#        E:\STM32H750XB_ETH\EWARM\STM32H750XB_ETH\Obj\Middlewares\LwIP\chap-md5.o
#        E:\STM32H750XB_ETH\EWARM\STM32H750XB_ETH\Obj\Middlewares\LwIP\chap-new.o
#        E:\STM32H750XB_ETH\EWARM\STM32H750XB_ETH\Obj\Middlewares\LwIP\chap_ms.o
#        E:\STM32H750XB_ETH\EWARM\STM32H750XB_ETH\Obj\Middlewares\FreeRTOS\cmsis_os.o
#        E:\STM32H750XB_ETH\EWARM\STM32H750XB_ETH\Obj\Middlewares\FreeRTOS\croutine.o
#        E:\STM32H750XB_ETH\EWARM\STM32H750XB_ETH\Obj\Middlewares\LwIP\def.o
#        E:\STM32H750XB_ETH\EWARM\STM32H750XB_ETH\Obj\Middlewares\LwIP\demand.o
#        E:\STM32H750XB_ETH\EWARM\STM32H750XB_ETH\Obj\Middlewares\LwIP\dhcp.o
#        E:\STM32H750XB_ETH\EWARM\STM32H750XB_ETH\Obj\Middlewares\LwIP\dhcp6.o
#        E:\STM32H750XB_ETH\EWARM\STM32H750XB_ETH\Obj\Middlewares\LwIP\dns.o
#        E:\STM32H750XB_ETH\EWARM\STM32H750XB_ETH\Obj\Middlewares\LwIP\eap.o
#        E:\STM32H750XB_ETH\EWARM\STM32H750XB_ETH\Obj\Middlewares\LwIP\ecp.o
#        E:\STM32H750XB_ETH\EWARM\STM32H750XB_ETH\Obj\Middlewares\LwIP\err.o
#        E:\STM32H750XB_ETH\EWARM\STM32H750XB_ETH\Obj\Middlewares\LwIP\etharp.o
#        E:\STM32H750XB_ETH\EWARM\STM32H750XB_ETH\Obj\Middlewares\LwIP\ethernet.o
#        E:\STM32H750XB_ETH\EWARM\STM32H750XB_ETH\Obj\Application\User\LWIP\Target\ethernetif.o
#        E:\STM32H750XB_ETH\EWARM\STM32H750XB_ETH\Obj\Middlewares\LwIP\ethip6.o
#        E:\STM32H750XB_ETH\EWARM\STM32H750XB_ETH\Obj\Middlewares\LwIP\eui64.o
#        E:\STM32H750XB_ETH\EWARM\STM32H750XB_ETH\Obj\Middlewares\FreeRTOS\event_groups.o
#        E:\STM32H750XB_ETH\EWARM\STM32H750XB_ETH\Obj\Application\User\Core\freertos.o
#        E:\STM32H750XB_ETH\EWARM\STM32H750XB_ETH\Obj\Middlewares\LwIP\fsm.o
#        E:\STM32H750XB_ETH\EWARM\STM32H750XB_ETH\Obj\Application\User\Core\gpio.o
#        E:\STM32H750XB_ETH\EWARM\STM32H750XB_ETH\Obj\Middlewares\FreeRTOS\heap_4.o
#        E:\STM32H750XB_ETH\EWARM\STM32H750XB_ETH\Obj\Middlewares\LwIP\icmp.o
#        E:\STM32H750XB_ETH\EWARM\STM32H750XB_ETH\Obj\Middlewares\LwIP\icmp6.o
#        E:\STM32H750XB_ETH\EWARM\STM32H750XB_ETH\Obj\Middlewares\LwIP\if_api.o
#        E:\STM32H750XB_ETH\EWARM\STM32H750XB_ETH\Obj\Middlewares\LwIP\igmp.o
#        E:\STM32H750XB_ETH\EWARM\STM32H750XB_ETH\Obj\Middlewares\LwIP\inet6.o
#        E:\STM32H750XB_ETH\EWARM\STM32H750XB_ETH\Obj\Middlewares\LwIP\inet_chksum.o
#        E:\STM32H750XB_ETH\EWARM\STM32H750XB_ETH\Obj\Middlewares\LwIP\init.o
#        E:\STM32H750XB_ETH\EWARM\STM32H750XB_ETH\Obj\Middlewares\LwIP\ip.o
#        E:\STM32H750XB_ETH\EWARM\STM32H750XB_ETH\Obj\Middlewares\LwIP\ip4.o
#        E:\STM32H750XB_ETH\EWARM\STM32H750XB_ETH\Obj\Middlewares\LwIP\ip4_addr.o
#        E:\STM32H750XB_ETH\EWARM\STM32H750XB_ETH\Obj\Middlewares\LwIP\ip4_frag.o
#        E:\STM32H750XB_ETH\EWARM\STM32H750XB_ETH\Obj\Middlewares\LwIP\ip6.o
#        E:\STM32H750XB_ETH\EWARM\STM32H750XB_ETH\Obj\Middlewares\LwIP\ip6_addr.o
#        E:\STM32H750XB_ETH\EWARM\STM32H750XB_ETH\Obj\Middlewares\LwIP\ip6_frag.o
#        E:\STM32H750XB_ETH\EWARM\STM32H750XB_ETH\Obj\Middlewares\LwIP\ipcp.o
#        E:\STM32H750XB_ETH\EWARM\STM32H750XB_ETH\Obj\Middlewares\LwIP\ipv6cp.o
#        E:\STM32H750XB_ETH\EWARM\STM32H750XB_ETH\Obj\Drivers\BSP\Components\lan8742.o
#        E:\STM32H750XB_ETH\EWARM\STM32H750XB_ETH\Obj\Middlewares\LwIP\lcp.o
#        E:\STM32H750XB_ETH\EWARM\STM32H750XB_ETH\Obj\Middlewares\FreeRTOS\list.o
#        E:\STM32H750XB_ETH\EWARM\STM32H750XB_ETH\Obj\Middlewares\LwIP\lowpan6.o
#        E:\STM32H750XB_ETH\EWARM\STM32H750XB_ETH\Obj\Middlewares\LwIP\lowpan6_ble.o
#        E:\STM32H750XB_ETH\EWARM\STM32H750XB_ETH\Obj\Middlewares\LwIP\lowpan6_common.o
#        E:\STM32H750XB_ETH\EWARM\STM32H750XB_ETH\Obj\Application\User\LWIP\App\lwip.o
#        E:\STM32H750XB_ETH\EWARM\STM32H750XB_ETH\Obj\Middlewares\LwIP\magic.o
#        E:\STM32H750XB_ETH\EWARM\STM32H750XB_ETH\Obj\Application\User\Core\main.o
#        E:\STM32H750XB_ETH\EWARM\STM32H750XB_ETH\Obj\Middlewares\LwIP\mem.o
#        E:\STM32H750XB_ETH\EWARM\STM32H750XB_ETH\Obj\Middlewares\LwIP\memp.o
#        E:\STM32H750XB_ETH\EWARM\STM32H750XB_ETH\Obj\Middlewares\LwIP\mld6.o
#        E:\STM32H750XB_ETH\EWARM\STM32H750XB_ETH\Obj\Middlewares\LwIP\mppe.o
#        E:\STM32H750XB_ETH\EWARM\STM32H750XB_ETH\Obj\Middlewares\LwIP\mqtt.o
#        E:\STM32H750XB_ETH\EWARM\STM32H750XB_ETH\Obj\Middlewares\LwIP\multilink.o
#        E:\STM32H750XB_ETH\EWARM\STM32H750XB_ETH\Obj\Middlewares\LwIP\nd6.o
#        E:\STM32H750XB_ETH\EWARM\STM32H750XB_ETH\Obj\Middlewares\LwIP\netbuf.o
#        E:\STM32H750XB_ETH\EWARM\STM32H750XB_ETH\Obj\Middlewares\LwIP\netdb.o
#        E:\STM32H750XB_ETH\EWARM\STM32H750XB_ETH\Obj\Middlewares\LwIP\netif.o
#        E:\STM32H750XB_ETH\EWARM\STM32H750XB_ETH\Obj\Middlewares\LwIP\netifapi.o
#        E:\STM32H750XB_ETH\EWARM\STM32H750XB_ETH\Obj\Middlewares\LwIP\pbuf.o
#        E:\STM32H750XB_ETH\EWARM\STM32H750XB_ETH\Obj\Middlewares\FreeRTOS\port.o
#        E:\STM32H750XB_ETH\EWARM\STM32H750XB_ETH\Obj\Middlewares\FreeRTOS\portasm.o
#        E:\STM32H750XB_ETH\EWARM\STM32H750XB_ETH\Obj\Middlewares\LwIP\ppp.o
#        E:\STM32H750XB_ETH\EWARM\STM32H750XB_ETH\Obj\Middlewares\LwIP\pppapi.o
#        E:\STM32H750XB_ETH\EWARM\STM32H750XB_ETH\Obj\Middlewares\LwIP\pppcrypt.o
#        E:\STM32H750XB_ETH\EWARM\STM32H750XB_ETH\Obj\Middlewares\LwIP\pppoe.o
#        E:\STM32H750XB_ETH\EWARM\STM32H750XB_ETH\Obj\Middlewares\LwIP\pppol2tp.o
#        E:\STM32H750XB_ETH\EWARM\STM32H750XB_ETH\Obj\Middlewares\LwIP\pppos.o
#        E:\STM32H750XB_ETH\EWARM\STM32H750XB_ETH\Obj\Middlewares\FreeRTOS\queue.o
#        E:\STM32H750XB_ETH\EWARM\STM32H750XB_ETH\Obj\Middlewares\LwIP\raw.o
#        E:\STM32H750XB_ETH\EWARM\STM32H750XB_ETH\Obj\Middlewares\LwIP\slipif.o
#        E:\STM32H750XB_ETH\EWARM\STM32H750XB_ETH\Obj\Middlewares\LwIP\sockets.o
#        E:\STM32H750XB_ETH\EWARM\STM32H750XB_ETH\Obj\Application\EWARM\startup_stm32h750xx.o
#        E:\STM32H750XB_ETH\EWARM\STM32H750XB_ETH\Obj\Middlewares\LwIP\stats.o
#        E:\STM32H750XB_ETH\EWARM\STM32H750XB_ETH\Obj\Drivers\STM32H7xx_HAL_Driver\stm32h7xx_hal.o
#        E:\STM32H750XB_ETH\EWARM\STM32H750XB_ETH\Obj\Drivers\STM32H7xx_HAL_Driver\stm32h7xx_hal_cortex.o
#        E:\STM32H750XB_ETH\EWARM\STM32H750XB_ETH\Obj\Drivers\STM32H7xx_HAL_Driver\stm32h7xx_hal_dma.o
#        E:\STM32H750XB_ETH\EWARM\STM32H750XB_ETH\Obj\Drivers\STM32H7xx_HAL_Driver\stm32h7xx_hal_dma_ex.o
#        E:\STM32H750XB_ETH\EWARM\STM32H750XB_ETH\Obj\Drivers\STM32H7xx_HAL_Driver\stm32h7xx_hal_eth.o
#        E:\STM32H750XB_ETH\EWARM\STM32H750XB_ETH\Obj\Drivers\STM32H7xx_HAL_Driver\stm32h7xx_hal_eth_ex.o
#        E:\STM32H750XB_ETH\EWARM\STM32H750XB_ETH\Obj\Drivers\STM32H7xx_HAL_Driver\stm32h7xx_hal_exti.o
#        E:\STM32H750XB_ETH\EWARM\STM32H750XB_ETH\Obj\Drivers\STM32H7xx_HAL_Driver\stm32h7xx_hal_flash.o
#        E:\STM32H750XB_ETH\EWARM\STM32H750XB_ETH\Obj\Drivers\STM32H7xx_HAL_Driver\stm32h7xx_hal_flash_ex.o
#        E:\STM32H750XB_ETH\EWARM\STM32H750XB_ETH\Obj\Drivers\STM32H7xx_HAL_Driver\stm32h7xx_hal_gpio.o
#        E:\STM32H750XB_ETH\EWARM\STM32H750XB_ETH\Obj\Drivers\STM32H7xx_HAL_Driver\stm32h7xx_hal_hsem.o
#        E:\STM32H750XB_ETH\EWARM\STM32H750XB_ETH\Obj\Drivers\STM32H7xx_HAL_Driver\stm32h7xx_hal_i2c.o
#        E:\STM32H750XB_ETH\EWARM\STM32H750XB_ETH\Obj\Drivers\STM32H7xx_HAL_Driver\stm32h7xx_hal_i2c_ex.o
#        E:\STM32H750XB_ETH\EWARM\STM32H750XB_ETH\Obj\Drivers\STM32H7xx_HAL_Driver\stm32h7xx_hal_mdma.o
#        E:\STM32H750XB_ETH\EWARM\STM32H750XB_ETH\Obj\Application\User\Core\stm32h7xx_hal_msp.o
#        E:\STM32H750XB_ETH\EWARM\STM32H750XB_ETH\Obj\Drivers\STM32H7xx_HAL_Driver\stm32h7xx_hal_pwr.o
#        E:\STM32H750XB_ETH\EWARM\STM32H750XB_ETH\Obj\Drivers\STM32H7xx_HAL_Driver\stm32h7xx_hal_pwr_ex.o
#        E:\STM32H750XB_ETH\EWARM\STM32H750XB_ETH\Obj\Drivers\STM32H7xx_HAL_Driver\stm32h7xx_hal_rcc.o
#        E:\STM32H750XB_ETH\EWARM\STM32H750XB_ETH\Obj\Drivers\STM32H7xx_HAL_Driver\stm32h7xx_hal_rcc_ex.o
#        E:\STM32H750XB_ETH\EWARM\STM32H750XB_ETH\Obj\Drivers\STM32H7xx_HAL_Driver\stm32h7xx_hal_tim.o
#        E:\STM32H750XB_ETH\EWARM\STM32H750XB_ETH\Obj\Drivers\STM32H7xx_HAL_Driver\stm32h7xx_hal_tim_ex.o
#        E:\STM32H750XB_ETH\EWARM\STM32H750XB_ETH\Obj\Application\User\Core\stm32h7xx_hal_timebase_tim.o
#        E:\STM32H750XB_ETH\EWARM\STM32H750XB_ETH\Obj\Drivers\STM32H7xx_HAL_Driver\stm32h7xx_hal_uart.o
#        E:\STM32H750XB_ETH\EWARM\STM32H750XB_ETH\Obj\Drivers\STM32H7xx_HAL_Driver\stm32h7xx_hal_uart_ex.o
#        E:\STM32H750XB_ETH\EWARM\STM32H750XB_ETH\Obj\Application\User\Core\stm32h7xx_it.o
#        E:\STM32H750XB_ETH\EWARM\STM32H750XB_ETH\Obj\Middlewares\FreeRTOS\stream_buffer.o
#        E:\STM32H750XB_ETH\EWARM\STM32H750XB_ETH\Obj\Middlewares\LwIP\sys.o
#        E:\STM32H750XB_ETH\EWARM\STM32H750XB_ETH\Obj\Middlewares\LwIP\sys_arch.o
#        E:\STM32H750XB_ETH\EWARM\STM32H750XB_ETH\Obj\Drivers\CMSIS\system_stm32h7xx.o
#        E:\STM32H750XB_ETH\EWARM\STM32H750XB_ETH\Obj\Middlewares\FreeRTOS\tasks.o
#        E:\STM32H750XB_ETH\EWARM\STM32H750XB_ETH\Obj\Middlewares\LwIP\tcp.o
#        E:\STM32H750XB_ETH\EWARM\STM32H750XB_ETH\Obj\Middlewares\LwIP\tcp_in.o
#        E:\STM32H750XB_ETH\EWARM\STM32H750XB_ETH\Obj\Middlewares\LwIP\tcp_out.o
#        E:\STM32H750XB_ETH\EWARM\STM32H750XB_ETH\Obj\Middlewares\LwIP\tcpip.o
#        E:\STM32H750XB_ETH\EWARM\STM32H750XB_ETH\Obj\Middlewares\LwIP\timeouts.o
#        E:\STM32H750XB_ETH\EWARM\STM32H750XB_ETH\Obj\Middlewares\FreeRTOS\timers.o
#        E:\STM32H750XB_ETH\EWARM\STM32H750XB_ETH\Obj\Middlewares\LwIP\udp.o
#        E:\STM32H750XB_ETH\EWARM\STM32H750XB_ETH\Obj\Middlewares\LwIP\upap.o
#        E:\STM32H750XB_ETH\EWARM\STM32H750XB_ETH\Obj\Application\User\Core\usart.o
#        E:\STM32H750XB_ETH\EWARM\STM32H750XB_ETH\Obj\Middlewares\LwIP\utils.o
#        E:\STM32H750XB_ETH\EWARM\STM32H750XB_ETH\Obj\Middlewares\LwIP\vj.o
#        E:\STM32H750XB_ETH\EWARM\STM32H750XB_ETH\Obj\Application\User\Core\write.o
#        E:\STM32H750XB_ETH\EWARM\STM32H750XB_ETH\Obj\Middlewares\LwIP\zepif.o
#        --no_out_extension -o
#        E:\STM32H750XB_ETH\EWARM\STM32H750XB_ETH\Exe\STM32H750XB_ETH.out
#        --redirect _Printf=_PrintfFullNoMb --redirect _Scanf=_ScanfFullNoMb
#        --map
#        E:\STM32H750XB_ETH\EWARM\STM32H750XB_ETH\List\STM32H750XB_ETH.map
#        --config E:\STM32H750XB_ETH\EWARM/stm32h750xx_flash.icf --semihosting
#        --entry __iar_program_start --vfe --text_out locale --cpu=Cortex-M7
#        --fpu=VFPv5_d16)
#
###############################################################################

*******************************************************************************
*** RUNTIME MODEL ATTRIBUTES
***

CppFlavor       = *
__CPP_Runtime   = 1
__SystemLibrary = DLib
__dlib_version  = 6


*******************************************************************************
*** HEAP SELECTION
***

The basic heap was selected because --advanced_heap
was not specified and the application did not appear to
be primarily optimized for speed.


*******************************************************************************
*** PLACEMENT SUMMARY
***

"A0":  place at address 0x800'0000 { ro section .intvec };
"P1":  place in [from 0x800'0000 to 0x801'ffff] { ro };
define block CSTACK with size = 4K, alignment = 8 { };
define block HEAP with size = 4K, alignment = 8 { };
"P2":  place in [from 0x2000'0000 to 0x2001'ffff] {
          rw, block CSTACK, block HEAP };
initialize by copy { rw };

No sections matched the following patterns:

  section .RAM_D1  in "P3"
  section .RAM_D2  in "P4"
  section .RAM_D3  in "P5"


  Section            Kind         Address    Size  Object
  -------            ----         -------    ----  ------
"A0":                                       0x298
  .intvec            ro code   0x800'0000   0x298  startup_stm32h750xx.o [1]
                             - 0x800'0298   0x298

"P1":                                      0xf2df
  .text              ro code   0x800'0298  0x1488  tcp_in.o [9]
  .text              ro code   0x800'1720    0x32  ip4_addr.o [9]
  .text              ro code   0x800'1752    0x26  def.o [9]
  .text              ro code   0x800'1778   0x85c  pbuf.o [9]
  .text              ro code   0x800'1fd4   0xf58  tcp.o [9]
  .text              ro code   0x800'2f2c   0xe10  tcp_out.o [9]
  .text              ro code   0x800'3d3c   0x1bc  timeouts.o [9]
  .text              ro code   0x800'3ef8   0x3b8  ip4.o [9]
  .text              ro code   0x800'42b0    0x28  printf.o [10]
  .text              ro code   0x800'42d8   0x134  sys_arch.o [9]
  .text              ro code   0x800'440c   0x188  memp.o [9]
  .text              ro code   0x800'4594   0x228  tcpip.o [9]
  .text              ro code   0x800'47bc   0x54c  mem.o [9]
  .text              ro code   0x800'4d08    0x18  ABImemcpy_small.o [12]
  .text              ro code   0x800'4d20    0x9c  rand.o [10]
  .text              ro code   0x800'4dbc     0x6  ABImemclr4.o [12]
  .text              ro code   0x800'4dc2    0x3a  packbits_init_single.o [12]
  .text              ro code   0x800'4dfc   0x3f8  netif.o [9]
  .text              ro code   0x800'51f4   0x580  ethernetif.o [4]
  .text              ro code   0x800'5774   0x1dc  icmp.o [9]
  .text              ro code   0x800'5950   0x884  ip4_frag.o [9]
  .text              ro code   0x800'61d4   0x23c  udp.o [9]
  .text              ro code   0x800'6410   0xeaa  xprintffull_nomb.o [10]
  .rodata            const     0x800'72ba     0x2  memp.o [9]
  .text              ro code   0x800'72bc   0x2c0  cmsis_os.o [8]
  .text              ro code   0x800'757c    0x26  init.o [9]
  .rodata            const     0x800'75a2     0x2  memp.o [9]
  .text              ro code   0x800'75a4    0x32  ABImemset48.o [12]
  .rodata            const     0x800'75d6     0x2  memp.o [9]
  .text              ro code   0x800'75d8   0x7f0  etharp.o [9]
  .text              ro code   0x800'7dc8   0xf58  stm32h7xx_hal_eth.o [7]
  .text              ro code   0x800'8d20     0x6  ABImemclr.o [12]
  .rodata            const     0x800'8d26     0x2  memp.o [9]
  .text              ro code   0x800'8d28   0x7a8  queue.o [8]
  .text              ro code   0x800'94d0   0x194  lan8742.o [5]
  .text              ro code   0x800'9664   0x238  main.o [2]
  .text              ro code   0x800'989c     0xc  stm32h7xx_hal.o [7]
  .text              ro code   0x800'98a8   0x23c  stm32h7xx_hal_gpio.o [7]
  .text              ro code   0x800'9ae4   0x11c  stm32h7xx_hal_cortex.o [7]
  .text              ro code   0x800'9c00    0xbc  inet_chksum.o [9]
  .text              ro code   0x800'9cbc    0x16  strchr.o [12]
  .rodata            const     0x800'9cd2     0x2  memp.o [9]
  .text              ro code   0x800'9cd4    0x40  xfail_s.o [10]
  .text              ro code   0x800'9d14    0x14  strlen_small.o [12]
  .text              ro code   0x800'9d28    0x58  memchr.o [12]
  .text              ro code   0x800'9d80    0x70  frexp.o [11]
  .text              ro code   0x800'9df0    0x34  DblCmpLe.o [11]
  .text              ro code   0x800'9e24    0x34  DblCmpGe.o [11]
  .text              ro code   0x800'9e58   0x104  ldexp.o [11]
  .text              ro code   0x800'9f5c     0xe  DblToS32.o [11]
  .text              ro code   0x800'9f6a     0xe  S32ToDbl.o [11]
  .text              ro code   0x800'9f78    0x12  DblSub.o [11]
  .text              ro code   0x800'9f8a    0x12  DblDiv.o [11]
  .text              ro code   0x800'9f9c     0xe  DblToU32.o [11]
  .text              ro code   0x800'9faa     0xe  U32ToDbl.o [11]
  .text              ro code   0x800'9fb8    0x12  DblMul.o [11]
  .rodata            const     0x800'9fca     0x2  memp.o [9]
  .text              ro code   0x800'9fcc     0x8  xlocale_c.o [10]
  .text              ro code   0x800'9fd4   0x106  I64DivMod_small.o [12]
  .rodata            const     0x800'a0da     0x2  memp.o [9]
  .text              ro code   0x800'a0dc   0x87c  tasks.o [8]
  .text              ro code   0x800'a958   0x110  ethernet.o [9]
  .text              ro code   0x800'aa68    0x80  stm32h7xx_hal.o [7]
  .text              ro code   0x800'aae8   0x3f4  stm32h7xx_hal_rcc.o [7]
  .text              ro code   0x800'aedc     0x2  stm32h7xx_hal_eth.o [7]
  .text              ro code   0x800'aede     0x2  stm32h7xx_hal_eth.o [7]
  .text              ro code   0x800'aee0     0x2  stm32h7xx_hal_eth.o [7]
  .rodata            const     0x800'aee2     0x2  memp.o [9]
  .text              ro code   0x800'aee4    0x12  ABImemset_small.o [12]
  .rodata            const     0x800'aef6     0x2  memp.o [9]
  .text              ro code   0x800'aef8   0x1c6  port.o [8]
  .text              ro code   0x800'b0be    0x94  list.o [8]
  .rodata            const     0x800'b152     0x2  memp.o [9]
  .text              ro code   0x800'b154   0x1b0  heap_4.o [8]
  .text              ro code   0x800'b304    0x28  stm32h7xx_hal.o [7]
  .text              ro code   0x800'b32c    0x98  gpio.o [2]
  .text              ro code   0x800'b3c4    0xec  usart.o [2]
  .text              ro code   0x800'b4b0    0x90  freertos.o [2]
  .text              ro code   0x800'b540    0x48  stm32h7xx_hal_pwr_ex.o [7]
  .text              ro code   0x800'b588   0x510  stm32h7xx_hal_rcc.o [7]
  .text              ro code   0x800'ba98    0x10  stm32h7xx_hal.o [7]
  .text              ro code   0x800'baa8     0x6  abort.o [10]
  .rodata            const     0x800'baae     0x2  memp.o [9]
  .text              ro code   0x800'bab0     0x2  I64DivZer.o [12]
  .rodata            const     0x800'bab2     0x2  memp.o [9]
  .text              ro code   0x800'bab4    0x1e  memcmp_small.o [12]
  .rodata            const     0x800'bad2     0x2  memp.o [9]
  .text              ro code   0x800'bad4    0x90  stm32h7xx_hal_timebase_tim.o [2]
  .text              ro code   0x800'bb64    0x28  stm32h7xx_hal_msp.o [2]
  .text              ro code   0x800'bb8c    0x2c  port.o [8]
  CODE               ro code   0x800'bbb8    0xb0  portasm.o [8]
  .text              ro code   0x800'bc68    0x14  memset.o [12]
  .text              ro code   0x800'bc7c   0x7b4  stm32h7xx_hal_uart.o [7]
  .text              ro code   0x800'c430    0xf4  stm32h7xx_hal_uart_ex.o [7]
  .text              ro code   0x800'c524   0xbb0  stm32h7xx_hal_rcc_ex.o [7]
  .text              ro code   0x800'd0d4    0xf8  lwip.o [3]
  .text              ro code   0x800'd1cc    0x14  exit.o [13]
  .text              ro code   0x800'd1e0   0x344  stm32h7xx_hal_tim.o [7]
  .text              ro code   0x800'd524     0x2  stm32h7xx_hal_tim.o [7]
  .text              ro code   0x800'd526     0x2  stm32h7xx_hal_tim.o [7]
  .text              ro code   0x800'd528     0x2  stm32h7xx_hal_tim.o [7]
  .text              ro code   0x800'd52a     0x2  stm32h7xx_hal_tim_ex.o [7]
  .text              ro code   0x800'd52c     0x2  stm32h7xx_hal_tim_ex.o [7]
  .text              ro code   0x800'd52e     0x2  stm32h7xx_hal_tim.o [7]
  .text              ro code   0x800'd530     0x2  stm32h7xx_hal_tim_ex.o [7]
  .text              ro code   0x800'd532     0x2  stm32h7xx_hal_tim.o [7]
  .rodata            const     0x800'd534   0x520  tcp_out.o [9]
  .rodata            const     0x800'da54   0x498  tcp.o [9]
  .rodata            const     0x800'deec   0x284  tcp_in.o [9]
  .rodata            const     0x800'e170   0x274  pbuf.o [9]
  .rodata            const     0x800'e3e4   0x1f4  etharp.o [9]
  .rodata            const     0x800'e5d8   0x198  mem.o [9]
  .rodata            const     0x800'e770   0x150  netif.o [9]
  .rodata            const     0x800'e8c0   0x150  udp.o [9]
  .rodata            const     0x800'ea10   0x108  icmp.o [9]
  .rodata            const     0x800'eb18    0xf4  ip4_frag.o [9]
  .rodata            const     0x800'ec0c    0xe4  timeouts.o [9]
  .text              ro code   0x800'ecf0    0xd4  system_stm32h7xx.o [6]
  .rodata            const     0x800'edc4    0xc0  memp.o [9]
  .rodata            const     0x800'ee84    0xb0  tcpip.o [9]
  .rodata            const     0x800'ef34    0xa4  ethernet.o [9]
  .rodata            const     0x800'efd8    0x9c  ip4.o [9]
  .rodata            const     0x800'f074    0x54  ethernetif.o [4]
  .text              ro code   0x800'f0c8    0x44  putchar.o [10]
  .text              ro code   0x800'f10c    0x30  write.o [2]
  .text              ro code   0x800'f13c    0x38  zero_init3.o [12]
  .text              ro code   0x800'f174    0x28  data_init.o [12]
  .text              ro code   0x800'f19c    0x22  fpinit_M.o [11]
  .iar.init_table    const     0x800'f1c0    0x28  - Linker created -
  .rodata            const     0x800'f1e8     0x2  xlocale_c.o [10]
  .text              ro code   0x800'f1ec    0x20  stm32h7xx_it.o [2]
  .text              ro code   0x800'f20c    0x1e  cmain.o [12]
  .text              ro code   0x800'f22a     0x4  low_level_init.o [10]
  .text              ro code   0x800'f22e     0x4  exit.o [10]
  .rodata            const     0x800'f232     0x1  xlocale_c.o [10]
  .text              ro code   0x800'f234     0xa  cexit.o [12]
  .text              ro code   0x800'f240    0x1c  cstartup_M.o [12]
  .text              ro code   0x800'f25c    0x16  xprout.o [10]
  .text              ro code   0x800'f274    0x10  startup_stm32h750xx.o [1]
  .rodata            const     0x800'f284     0xc  freertos.o [2]
  .rodata            const     0x800'f290     0xc  freertos.o [2]
  .rodata            const     0x800'f29c     0x8  ethernet.o [9]
  .rodata            const     0x800'f2a4     0x8  ethernetif.o [4]
  .rodata            const     0x800'f2ac     0x8  lwip.o [3]
  .rodata            const     0x800'f2b4     0x4  ip4_addr.o [9]
  .text              ro code   0x800'f2b8     0x4  startup_stm32h750xx.o [1]
  .text              ro code   0x800'f2bc     0x4  startup_stm32h750xx.o [1]
  .text              ro code   0x800'f2c0     0x4  startup_stm32h750xx.o [1]
  .text              ro code   0x800'f2c4     0x4  startup_stm32h750xx.o [1]
  .text              ro code   0x800'f2c8     0x4  startup_stm32h750xx.o [1]
  .text              ro code   0x800'f2cc     0x4  startup_stm32h750xx.o [1]
  .text              ro code   0x800'f2d0     0x4  startup_stm32h750xx.o [1]
  .text              ro code   0x800'f2d4     0x4  startup_stm32h750xx.o [1]
  .text              ro code   0x800'f2d8     0x4  startup_stm32h750xx.o [1]
  .text              ro code   0x800'f2dc     0x4  startup_stm32h750xx.o [1]
  .text              ro code   0x800'f2e0     0x4  startup_stm32h750xx.o [1]
  .text              ro code   0x800'f2e4     0x4  startup_stm32h750xx.o [1]
  .text              ro code   0x800'f2e8     0x4  startup_stm32h750xx.o [1]
  .text              ro code   0x800'f2ec     0x4  startup_stm32h750xx.o [1]
  .text              ro code   0x800'f2f0     0x4  startup_stm32h750xx.o [1]
  .text              ro code   0x800'f2f4     0x4  startup_stm32h750xx.o [1]
  .text              ro code   0x800'f2f8     0x4  startup_stm32h750xx.o [1]
  .text              ro code   0x800'f2fc     0x4  startup_stm32h750xx.o [1]
  .text              ro code   0x800'f300     0x4  startup_stm32h750xx.o [1]
  .text              ro code   0x800'f304     0x4  startup_stm32h750xx.o [1]
  .text              ro code   0x800'f308     0x4  startup_stm32h750xx.o [1]
  .text              ro code   0x800'f30c     0x4  startup_stm32h750xx.o [1]
  .text              ro code   0x800'f310     0x4  startup_stm32h750xx.o [1]
  .text              ro code   0x800'f314     0x4  startup_stm32h750xx.o [1]
  .text              ro code   0x800'f318     0x4  startup_stm32h750xx.o [1]
  .text              ro code   0x800'f31c     0x4  startup_stm32h750xx.o [1]
  .text              ro code   0x800'f320     0x4  startup_stm32h750xx.o [1]
  .text              ro code   0x800'f324     0x4  startup_stm32h750xx.o [1]
  .text              ro code   0x800'f328     0x4  startup_stm32h750xx.o [1]
  .text              ro code   0x800'f32c     0x4  startup_stm32h750xx.o [1]
  .text              ro code   0x800'f330     0x4  startup_stm32h750xx.o [1]
  .text              ro code   0x800'f334     0x4  startup_stm32h750xx.o [1]
  .text              ro code   0x800'f338     0x4  startup_stm32h750xx.o [1]
  .text              ro code   0x800'f33c     0x4  startup_stm32h750xx.o [1]
  .text              ro code   0x800'f340     0x4  startup_stm32h750xx.o [1]
  .text              ro code   0x800'f344     0x4  startup_stm32h750xx.o [1]
  .text              ro code   0x800'f348     0x4  startup_stm32h750xx.o [1]
  .text              ro code   0x800'f34c     0x4  startup_stm32h750xx.o [1]
  .text              ro code   0x800'f350     0x4  startup_stm32h750xx.o [1]
  .text              ro code   0x800'f354     0x4  startup_stm32h750xx.o [1]
  .text              ro code   0x800'f358     0x4  startup_stm32h750xx.o [1]
  .text              ro code   0x800'f35c     0x4  startup_stm32h750xx.o [1]
  .text              ro code   0x800'f360     0x4  startup_stm32h750xx.o [1]
  .text              ro code   0x800'f364     0x4  startup_stm32h750xx.o [1]
  .text              ro code   0x800'f368     0x4  startup_stm32h750xx.o [1]
  .text              ro code   0x800'f36c     0x4  startup_stm32h750xx.o [1]
  .text              ro code   0x800'f370     0x4  startup_stm32h750xx.o [1]
  .text              ro code   0x800'f374     0x4  startup_stm32h750xx.o [1]
  .text              ro code   0x800'f378     0x4  startup_stm32h750xx.o [1]
  .text              ro code   0x800'f37c     0x4  startup_stm32h750xx.o [1]
  .text              ro code   0x800'f380     0x4  startup_stm32h750xx.o [1]
  .text              ro code   0x800'f384     0x4  startup_stm32h750xx.o [1]
  .text              ro code   0x800'f388     0x4  startup_stm32h750xx.o [1]
  .text              ro code   0x800'f38c     0x4  startup_stm32h750xx.o [1]
  .text              ro code   0x800'f390     0x4  startup_stm32h750xx.o [1]
  .text              ro code   0x800'f394     0x4  startup_stm32h750xx.o [1]
  .text              ro code   0x800'f398     0x4  startup_stm32h750xx.o [1]
  .text              ro code   0x800'f39c     0x4  startup_stm32h750xx.o [1]
  .text              ro code   0x800'f3a0     0x4  startup_stm32h750xx.o [1]
  .text              ro code   0x800'f3a4     0x4  startup_stm32h750xx.o [1]
  .text              ro code   0x800'f3a8     0x4  startup_stm32h750xx.o [1]
  .text              ro code   0x800'f3ac     0x4  startup_stm32h750xx.o [1]
  .text              ro code   0x800'f3b0     0x4  startup_stm32h750xx.o [1]
  .text              ro code   0x800'f3b4     0x4  startup_stm32h750xx.o [1]
  .text              ro code   0x800'f3b8     0x4  startup_stm32h750xx.o [1]
  .text              ro code   0x800'f3bc     0x4  startup_stm32h750xx.o [1]
  .text              ro code   0x800'f3c0     0x4  startup_stm32h750xx.o [1]
  .text              ro code   0x800'f3c4     0x4  startup_stm32h750xx.o [1]
  .text              ro code   0x800'f3c8     0x4  startup_stm32h750xx.o [1]
  .text              ro code   0x800'f3cc     0x4  startup_stm32h750xx.o [1]
  .text              ro code   0x800'f3d0     0x4  startup_stm32h750xx.o [1]
  .text              ro code   0x800'f3d4     0x4  startup_stm32h750xx.o [1]
  .text              ro code   0x800'f3d8     0x4  startup_stm32h750xx.o [1]
  .text              ro code   0x800'f3dc     0x4  startup_stm32h750xx.o [1]
  .text              ro code   0x800'f3e0     0x4  startup_stm32h750xx.o [1]
  .text              ro code   0x800'f3e4     0x4  startup_stm32h750xx.o [1]
  .text              ro code   0x800'f3e8     0x4  startup_stm32h750xx.o [1]
  .text              ro code   0x800'f3ec     0x4  startup_stm32h750xx.o [1]
  .text              ro code   0x800'f3f0     0x4  startup_stm32h750xx.o [1]
  .text              ro code   0x800'f3f4     0x4  startup_stm32h750xx.o [1]
  .text              ro code   0x800'f3f8     0x4  startup_stm32h750xx.o [1]
  .text              ro code   0x800'f3fc     0x4  startup_stm32h750xx.o [1]
  .text              ro code   0x800'f400     0x4  startup_stm32h750xx.o [1]
  .text              ro code   0x800'f404     0x4  startup_stm32h750xx.o [1]
  .text              ro code   0x800'f408     0x4  startup_stm32h750xx.o [1]
  .text              ro code   0x800'f40c     0x4  startup_stm32h750xx.o [1]
  .text              ro code   0x800'f410     0x4  startup_stm32h750xx.o [1]
  .text              ro code   0x800'f414     0x4  startup_stm32h750xx.o [1]
  .text              ro code   0x800'f418     0x4  startup_stm32h750xx.o [1]
  .text              ro code   0x800'f41c     0x4  startup_stm32h750xx.o [1]
  .text              ro code   0x800'f420     0x4  startup_stm32h750xx.o [1]
  .text              ro code   0x800'f424     0x4  startup_stm32h750xx.o [1]
  .text              ro code   0x800'f428     0x4  startup_stm32h750xx.o [1]
  .text              ro code   0x800'f42c     0x4  startup_stm32h750xx.o [1]
  .text              ro code   0x800'f430     0x4  startup_stm32h750xx.o [1]
  .text              ro code   0x800'f434     0x4  startup_stm32h750xx.o [1]
  .text              ro code   0x800'f438     0x4  startup_stm32h750xx.o [1]
  .text              ro code   0x800'f43c     0x4  startup_stm32h750xx.o [1]
  .text              ro code   0x800'f440     0x4  startup_stm32h750xx.o [1]
  .text              ro code   0x800'f444     0x4  startup_stm32h750xx.o [1]
  .text              ro code   0x800'f448     0x4  startup_stm32h750xx.o [1]
  .text              ro code   0x800'f44c     0x4  startup_stm32h750xx.o [1]
  .text              ro code   0x800'f450     0x4  startup_stm32h750xx.o [1]
  .text              ro code   0x800'f454     0x4  startup_stm32h750xx.o [1]
  .text              ro code   0x800'f458     0x4  startup_stm32h750xx.o [1]
  .text              ro code   0x800'f45c     0x4  startup_stm32h750xx.o [1]
  .text              ro code   0x800'f460     0x4  startup_stm32h750xx.o [1]
  .text              ro code   0x800'f464     0x4  startup_stm32h750xx.o [1]
  .text              ro code   0x800'f468     0x4  startup_stm32h750xx.o [1]
  .text              ro code   0x800'f46c     0x4  startup_stm32h750xx.o [1]
  .text              ro code   0x800'f470     0x4  startup_stm32h750xx.o [1]
  .text              ro code   0x800'f474     0x4  startup_stm32h750xx.o [1]
  .text              ro code   0x800'f478     0x4  startup_stm32h750xx.o [1]
  .text              ro code   0x800'f47c     0x4  startup_stm32h750xx.o [1]
  .text              ro code   0x800'f480     0x4  startup_stm32h750xx.o [1]
  .text              ro code   0x800'f484     0x4  startup_stm32h750xx.o [1]
  .text              ro code   0x800'f488     0x4  startup_stm32h750xx.o [1]
  .text              ro code   0x800'f48c     0x4  startup_stm32h750xx.o [1]
  .text              ro code   0x800'f490     0x4  startup_stm32h750xx.o [1]
  .text              ro code   0x800'f494     0x4  startup_stm32h750xx.o [1]
  .text              ro code   0x800'f498     0x4  startup_stm32h750xx.o [1]
  .text              ro code   0x800'f49c     0x4  startup_stm32h750xx.o [1]
  .text              ro code   0x800'f4a0     0x4  startup_stm32h750xx.o [1]
  .text              ro code   0x800'f4a4     0x4  startup_stm32h750xx.o [1]
  .text              ro code   0x800'f4a8     0x4  startup_stm32h750xx.o [1]
  .text              ro code   0x800'f4ac     0x4  startup_stm32h750xx.o [1]
  .text              ro code   0x800'f4b0     0x4  startup_stm32h750xx.o [1]
  .text              ro code   0x800'f4b4     0x4  startup_stm32h750xx.o [1]
  .text              ro code   0x800'f4b8     0x4  startup_stm32h750xx.o [1]
  .text              ro code   0x800'f4bc     0x4  startup_stm32h750xx.o [1]
  .text              ro code   0x800'f4c0     0x4  startup_stm32h750xx.o [1]
  .text              ro code   0x800'f4c4     0x4  startup_stm32h750xx.o [1]
  .text              ro code   0x800'f4c8     0x4  startup_stm32h750xx.o [1]
  .text              ro code   0x800'f4cc     0x4  startup_stm32h750xx.o [1]
  .text              ro code   0x800'f4d0     0x4  startup_stm32h750xx.o [1]
  .text              ro code   0x800'f4d4     0x4  startup_stm32h750xx.o [1]
  .text              ro code   0x800'f4d8     0x4  startup_stm32h750xx.o [1]
  .text              ro code   0x800'f4dc     0x4  startup_stm32h750xx.o [1]
  .rodata            const     0x800'f4e0     0x0  zero_init3.o [12]
  .rodata            const     0x800'f4e0     0x0  packbits_init_single.o [12]
  Initializer bytes  const     0x800'f4e0    0x97  <for P2-1>
                             - 0x800'f577  0xf2df

"P2", part 1 of 3:                          0x146
  P2-1                        0x2000'0000   0x146  <Init block>
    .data            inited   0x2000'0000    0x78  ethernetif.o [4]
    .data            inited   0x2000'0078     0xc  port.o [8]
    .data            inited   0x2000'0084     0xc  stm32h7xx_hal.o [7]
    .data            inited   0x2000'0090     0x8  system_stm32h7xx.o [6]
    .data            inited   0x2000'0098    0x1c  tcp.o [9]
    .data            inited   0x2000'00b4     0x8  udp.o [9]
    .data            inited   0x2000'00bc     0x8  rand.o [10]
    .data            inited   0x2000'00c4    0x38  xlocale_c.o [10]
    .data            inited   0x2000'00fc    0x48  xfiles.o [10]
    .data            inited   0x2000'0144     0x2  tcp.o [9]
                            - 0x2000'0146   0x146

"P2", part 2 of 3:                         0x43e8
  .bss               zero     0x2000'0148  0x3c20  heap_4.o [8]
  .bss               zero     0x2000'3d68   0x254  freertos.o [2]
  .bss               zero     0x2000'3fbc    0xf0  etharp.o [9]
  .bss               zero     0x2000'40ac    0xb0  ethernetif.o [4]
  .bss               zero     0x2000'415c    0x9c  tasks.o [8]
  .bss               zero     0x2000'41f8    0x94  usart.o [2]
  .bss               zero     0x2000'428c    0x8c  tasks.o [8]
  .bss               zero     0x2000'4318    0x84  rand.o [10]
  .bss               zero     0x2000'439c    0x50  lwip.o [3]
  .bss               zero     0x2000'43ec    0x50  xfiles.o [10]
  .bss               zero     0x2000'443c    0x4c  stm32h7xx_hal_timebase_tim.o [2]
  .bss               zero     0x2000'4488    0x38  tcp_in.o [9]
  .bss               zero     0x2000'44c0    0x18  ip.o [9]
  .bss               zero     0x2000'44d8    0x10  mem.o [9]
  .bss               zero     0x2000'44e8    0x10  tcpip.o [9]
  .bss               zero     0x2000'44f8     0xc  netif.o [9]
  .bss               zero     0x2000'4504     0x8  freertos.o [2]
  .bss               zero     0x2000'450c     0x8  ip4_frag.o [9]
  .bss               zero     0x2000'4514     0x8  timeouts.o [9]
  .bss               zero     0x2000'451c     0x4  sys_arch.o [9]
  .bss               zero     0x2000'4520     0x4  timeouts.o [9]
  .bss               zero     0x2000'4524     0x4  xfail_s.o [10]
  .bss               zero     0x2000'4528     0x2  ip4.o [9]
  .bss               zero     0x2000'452a     0x1  etharp.o [9]
  .bss               zero     0x2000'452b     0x1  pbuf.o [9]
  .bss               zero     0x2000'452c     0x1  tcp.o [9]
                            - 0x2000'452d  0x43e5

"P2", part 3 of 3:                         0x1000
  CSTACK                      0x2000'4530  0x1000  <Block>
    CSTACK           uninit   0x2000'4530  0x1000  <Block tail>
                            - 0x2000'5530  0x1000

Absolute sections:                           0xc0
  .bss               zero     0x3004'0000    0x60  ethernetif.o [4]
  .bss               zero     0x3004'0060    0x60  ethernetif.o [4]
                            - 0x3004'00c0    0xc0

Unused ranges:

         From           To      Size
         ----           --      ----
   0x800'f577   0x801'ffff  0x1'0a89
  0x2000'0146  0x2000'0147       0x2
  0x2000'5530  0x2001'ffff  0x1'aad0


*******************************************************************************
*** INIT TABLE
***

          Address      Size
          -------      ----
Zero (__iar_zero_init3)
    2 destination ranges, total size 0x44a5:
          0x2000'0148  0x43e5
          0x3004'0000    0xc0

Copy/packbits (__iar_packbits_init_single3)
    1 source range, total size 0x97 (46% of destination):
           0x800'f4e0    0x97
    1 destination range, total size 0x146:
          0x2000'0000   0x146



*******************************************************************************
*** MODULE SUMMARY
***

    Module                        ro code  ro data  rw data  rw data
                                                              (abs)
    ------                        -------  -------  -------  -------
command line/config:
    ----------------------------------------------------------------
    Total:

E:\STM32H750XB_ETH\EWARM\STM32H750XB_ETH\Obj\Application\EWARM: [1]
    startup_stm32h750xx.o           1'232
    ----------------------------------------------------------------
    Total:                          1'232

E:\STM32H750XB_ETH\EWARM\STM32H750XB_ETH\Obj\Application\User\Core: [2]
    freertos.o                        144       24      604
    gpio.o                            152
    main.o                            568
    stm32h7xx_hal_msp.o                40
    stm32h7xx_hal_timebase_tim.o      144                76
    stm32h7xx_it.o                     32
    usart.o                           236               148
    write.o                            48
    ----------------------------------------------------------------
    Total:                          1'364       24      828

E:\STM32H750XB_ETH\EWARM\STM32H750XB_ETH\Obj\Application\User\LWIP\App: [3]
    lwip.o                            248        8       80
    ----------------------------------------------------------------
    Total:                            248        8       80

E:\STM32H750XB_ETH\EWARM\STM32H750XB_ETH\Obj\Application\User\LWIP\Target: [4]
    ethernetif.o                    1'408      147      296      192
    ----------------------------------------------------------------
    Total:                          1'408      147      296      192

E:\STM32H750XB_ETH\EWARM\STM32H750XB_ETH\Obj\Drivers\BSP\Components: [5]
    lan8742.o                         404
    ----------------------------------------------------------------
    Total:                            404

E:\STM32H750XB_ETH\EWARM\STM32H750XB_ETH\Obj\Drivers\CMSIS: [6]
    system_stm32h7xx.o                212        4        8
    ----------------------------------------------------------------
    Total:                            212        4        8

E:\STM32H750XB_ETH\EWARM\STM32H750XB_ETH\Obj\Drivers\STM32H7xx_HAL_Driver: [7]
    stm32h7xx_hal.o                   196        5       12
    stm32h7xx_hal_cortex.o            284
    stm32h7xx_hal_eth.o             3'934
    stm32h7xx_hal_gpio.o              572
    stm32h7xx_hal_pwr_ex.o             72
    stm32h7xx_hal_rcc.o             2'308
    stm32h7xx_hal_rcc_ex.o          2'992
    stm32h7xx_hal_tim.o               846
    stm32h7xx_hal_tim_ex.o              6
    stm32h7xx_hal_uart.o            1'972
    stm32h7xx_hal_uart_ex.o           244
    ----------------------------------------------------------------
    Total:                         13'426        5       12

E:\STM32H750XB_ETH\EWARM\STM32H750XB_ETH\Obj\Middlewares\FreeRTOS: [8]
    cmsis_os.o                        704
    heap_4.o                          432            15'392
    list.o                            148
    port.o                            498        6       12
    portasm.o                         176
    queue.o                         1'960
    tasks.o                         2'172               296
    ----------------------------------------------------------------
    Total:                          6'090        6   15'700

E:\STM32H750XB_ETH\EWARM\STM32H750XB_ETH\Obj\Middlewares\LwIP: [9]
    def.o                              38
    etharp.o                        2'032      500      241
    ethernet.o                        272      172
    icmp.o                            476      264
    inet_chksum.o                     188
    init.o                             38
    ip.o                                                 24
    ip4.o                             952      156        2
    ip4_addr.o                         50        4
    ip4_frag.o                      2'180      244        8
    mem.o                           1'356      408       16
    memp.o                            392      218
    netif.o                         1'016      336       12
    pbuf.o                          2'140      628        1
    sys_arch.o                        308                 4
    tcp.o                           3'928    1'190       31
    tcp_in.o                        5'256      644       56
    tcp_out.o                       3'600    1'312
    tcpip.o                           552      176       16
    timeouts.o                        444      228       12
    udp.o                             572      340        8
    ----------------------------------------------------------------
    Total:                         25'790    6'820      431

dl7M_tlf.a: [10]
    abort.o                             6
    exit.o                              4
    low_level_init.o                    4
    printf.o                           40
    putchar.o                          68
    rand.o                            156        3      140
    xfail_s.o                          64                 4
    xfiles.o                                    34      152
    xlocale_c.o                         8       29       56
    xprintffull_nomb.o              3'754
    xprout.o                           22
    ----------------------------------------------------------------
    Total:                          4'126       66      352

m7M_tlv.a: [11]
    DblCmpGe.o                         52
    DblCmpLe.o                         52
    DblDiv.o                           18
    DblMul.o                           18
    DblSub.o                           18
    DblToS32.o                         14
    DblToU32.o                         14
    S32ToDbl.o                         14
    U32ToDbl.o                         14
    fpinit_M.o                         34
    frexp.o                           112
    ldexp.o                           260
    ----------------------------------------------------------------
    Total:                            620

rt7M_tl.a: [12]
    ABImemclr.o                         6
    ABImemclr4.o                        6
    ABImemcpy_small.o                  24
    ABImemset48.o                      50
    ABImemset_small.o                  18
    I64DivMod_small.o                 262
    I64DivZer.o                         2
    cexit.o                            10
    cmain.o                            30
    cstartup_M.o                       28
    data_init.o                        40
    memchr.o                           88
    memcmp_small.o                     30
    memset.o                           20
    packbits_init_single.o             58
    strchr.o                           22
    strlen_small.o                     20
    zero_init3.o                       56
    ----------------------------------------------------------------
    Total:                            770

shb_l.a: [13]
    exit.o                             20
    ----------------------------------------------------------------
    Total:                             20

    Gaps                                7        2
    Linker created                              40    4'096
--------------------------------------------------------------------
    Grand Total:                   55'717    7'122   21'803      192


*******************************************************************************
*** ENTRY LIST
***

Entry                       Address    Size  Type      Object
-----                       -------    ----  ----      ------
.iar.init_table$$Base    0x800'f1c0           --   Gb  - Linker created -
.iar.init_table$$Limit   0x800'f1e8           --   Gb  - Linker created -
?main                    0x800'f20d          Code  Gb  cmain.o [12]
ADC3_IRQHandler          0x800'f491          Code  Wk  startup_stm32h750xx.o [1]
ADC_IRQHandler           0x800'f301          Code  Wk  startup_stm32h750xx.o [1]
BDMA_Channel0_IRQHandler
                         0x800'f499          Code  Wk  startup_stm32h750xx.o [1]
BDMA_Channel1_IRQHandler
                         0x800'f49d          Code  Wk  startup_stm32h750xx.o [1]
BDMA_Channel2_IRQHandler
                         0x800'f4a1          Code  Wk  startup_stm32h750xx.o [1]
BDMA_Channel3_IRQHandler
                         0x800'f4a5          Code  Wk  startup_stm32h750xx.o [1]
BDMA_Channel4_IRQHandler
                         0x800'f4a9          Code  Wk  startup_stm32h750xx.o [1]
BDMA_Channel5_IRQHandler
                         0x800'f4ad          Code  Wk  startup_stm32h750xx.o [1]
BDMA_Channel6_IRQHandler
                         0x800'f4b1          Code  Wk  startup_stm32h750xx.o [1]
BDMA_Channel7_IRQHandler
                         0x800'f4b5          Code  Wk  startup_stm32h750xx.o [1]
BusFault_Handler         0x800'f1f3     0x2  Code  Gb  stm32h7xx_it.o [2]
CEC_IRQHandler           0x800'f415          Code  Wk  startup_stm32h750xx.o [1]
COMP1_IRQHandler         0x800'f4b9          Code  Wk  startup_stm32h750xx.o [1]
CRS_IRQHandler           0x800'f4d1          Code  Wk  startup_stm32h750xx.o [1]
CRYP_IRQHandler          0x800'f3d9          Code  Wk  startup_stm32h750xx.o [1]
CSTACK$$Base            0x2000'4530           --   Gb  - Linker created -
CSTACK$$Limit           0x2000'5530           --   Gb  - Linker created -
D1CorePrescTable         0x800'edb4    0x10  Data  Gb  system_stm32h7xx.o [6]
DCMI_IRQHandler          0x800'f3d5          Code  Wk  startup_stm32h750xx.o [1]
DFSDM1_FLT0_IRQHandler   0x800'f455          Code  Wk  startup_stm32h750xx.o [1]
DFSDM1_FLT1_IRQHandler   0x800'f459          Code  Wk  startup_stm32h750xx.o [1]
DFSDM1_FLT2_IRQHandler   0x800'f45d          Code  Wk  startup_stm32h750xx.o [1]
DFSDM1_FLT3_IRQHandler   0x800'f461          Code  Wk  startup_stm32h750xx.o [1]
DMA1_Stream0_IRQHandler
                         0x800'f2e5          Code  Wk  startup_stm32h750xx.o [1]
DMA1_Stream1_IRQHandler
                         0x800'f2e9          Code  Wk  startup_stm32h750xx.o [1]
DMA1_Stream2_IRQHandler
                         0x800'f2ed          Code  Wk  startup_stm32h750xx.o [1]
DMA1_Stream3_IRQHandler
                         0x800'f2f1          Code  Wk  startup_stm32h750xx.o [1]
DMA1_Stream4_IRQHandler
                         0x800'f2f5          Code  Wk  startup_stm32h750xx.o [1]
DMA1_Stream5_IRQHandler
                         0x800'f2f9          Code  Wk  startup_stm32h750xx.o [1]
DMA1_Stream6_IRQHandler
                         0x800'f2fd          Code  Wk  startup_stm32h750xx.o [1]
DMA1_Stream7_IRQHandler
                         0x800'f371          Code  Wk  startup_stm32h750xx.o [1]
DMA2D_IRQHandler         0x800'f405          Code  Wk  startup_stm32h750xx.o [1]
DMA2_Stream0_IRQHandler
                         0x800'f391          Code  Wk  startup_stm32h750xx.o [1]
DMA2_Stream1_IRQHandler
                         0x800'f395          Code  Wk  startup_stm32h750xx.o [1]
DMA2_Stream2_IRQHandler
                         0x800'f399          Code  Wk  startup_stm32h750xx.o [1]
DMA2_Stream3_IRQHandler
                         0x800'f39d          Code  Wk  startup_stm32h750xx.o [1]
DMA2_Stream4_IRQHandler
                         0x800'f3a1          Code  Wk  startup_stm32h750xx.o [1]
DMA2_Stream5_IRQHandler
                         0x800'f3ad          Code  Wk  startup_stm32h750xx.o [1]
DMA2_Stream6_IRQHandler
                         0x800'f3b1          Code  Wk  startup_stm32h750xx.o [1]
DMA2_Stream7_IRQHandler
                         0x800'f3b5          Code  Wk  startup_stm32h750xx.o [1]
DMAMUX1_OVR_IRQHandler   0x800'f435          Code  Wk  startup_stm32h750xx.o [1]
DMAMUX2_OVR_IRQHandler   0x800'f495          Code  Wk  startup_stm32h750xx.o [1]
DMARxDscrTab            0x3004'0000    0x60  Data  Gb  ethernetif.o [4]
DMATxDscrTab            0x3004'0060    0x60  Data  Gb  ethernetif.o [4]
DebugMon_Handler         0x800'f1f7     0x2  Code  Gb  stm32h7xx_it.o [2]
ECC_IRQHandler           0x800'f4d5          Code  Wk  startup_stm32h750xx.o [1]
ETH_IRQHandler           0x800'f1ff     0x6  Code  Gb  stm32h7xx_it.o [2]
ETH_PHY_IO_DeInit        0x800'55a3     0x4  Code  Gb  ethernetif.o [4]
ETH_PHY_IO_GetTick       0x800'55cd     0x4  Code  Gb  ethernetif.o [4]
ETH_PHY_IO_Init          0x800'5597     0xc  Code  Gb  ethernetif.o [4]
ETH_PHY_IO_ReadReg       0x800'55a7    0x10  Code  Gb  ethernetif.o [4]
ETH_PHY_IO_WriteReg      0x800'55b7     0xe  Code  Gb  ethernetif.o [4]
ETH_Prepare_Tx_Descriptors
                         0x800'8949   0x38c  Code  Lc  stm32h7xx_hal_eth.o [7]
ETH_SetDMAConfig         0x800'88c9    0x78  Code  Lc  stm32h7xx_hal_eth.o [7]
ETH_SetMACConfig         0x800'875b   0x16e  Code  Lc  stm32h7xx_hal_eth.o [7]
ETH_UpdateDescriptor     0x800'82c1    0x6e  Code  Lc  stm32h7xx_hal_eth.o [7]
ETH_WKUP_IRQHandler      0x800'f3a5          Code  Wk  startup_stm32h750xx.o [1]
EXTI0_IRQHandler         0x800'f2d1          Code  Wk  startup_stm32h750xx.o [1]
EXTI15_10_IRQHandler     0x800'f359          Code  Wk  startup_stm32h750xx.o [1]
EXTI1_IRQHandler         0x800'f2d5          Code  Wk  startup_stm32h750xx.o [1]
EXTI2_IRQHandler         0x800'f2d9          Code  Wk  startup_stm32h750xx.o [1]
EXTI3_IRQHandler         0x800'f2dd          Code  Wk  startup_stm32h750xx.o [1]
EXTI4_IRQHandler         0x800'f2e1          Code  Wk  startup_stm32h750xx.o [1]
EXTI9_5_IRQHandler       0x800'f315          Code  Wk  startup_stm32h750xx.o [1]
Error_Handler            0x800'9889     0x4  Code  Gb  main.o [2]
FDCAN1_IT0_IRQHandler    0x800'f305          Code  Wk  startup_stm32h750xx.o [1]
FDCAN1_IT1_IRQHandler    0x800'f30d          Code  Wk  startup_stm32h750xx.o [1]
FDCAN2_IT0_IRQHandler    0x800'f309          Code  Wk  startup_stm32h750xx.o [1]
FDCAN2_IT1_IRQHandler    0x800'f311          Code  Wk  startup_stm32h750xx.o [1]
FDCAN_CAL_IRQHandler     0x800'f3a9          Code  Wk  startup_stm32h750xx.o [1]
FLASH_IRQHandler         0x800'f2c9          Code  Wk  startup_stm32h750xx.o [1]
FMC_IRQHandler           0x800'f375          Code  Wk  startup_stm32h750xx.o [1]
FPU_IRQHandler           0x800'f3e1          Code  Wk  startup_stm32h750xx.o [1]
GATEWAY_ADDRESS         0x2000'43dc     0x4  Data  Gb  lwip.o [3]
HAL_Delay                0x800'b305    0x28  Code  Wk  stm32h7xx_hal.o [7]
HAL_ETH_EEECallback      0x800'aedf     0x2  Code  Wk  stm32h7xx_hal_eth.o [7]
HAL_ETH_ErrorCallback    0x800'5209    0x14  Code  Gb  ethernetif.o [4]
HAL_ETH_GetDMAError      0x800'8755     0x6  Code  Gb  stm32h7xx_hal_eth.o [7]
HAL_ETH_GetMACConfig     0x800'852f   0x192  Code  Gb  stm32h7xx_hal_eth.o [7]
HAL_ETH_IRQHandler       0x800'8373   0x108  Code  Gb  stm32h7xx_hal_eth.o [7]
HAL_ETH_Init             0x800'7dc9   0x26e  Code  Gb  stm32h7xx_hal_eth.o [7]
HAL_ETH_MspInit          0x800'5493    0xee  Code  Gb  ethernetif.o [4]
HAL_ETH_PMTCallback      0x800'aedd     0x2  Code  Wk  stm32h7xx_hal_eth.o [7]
HAL_ETH_ReadData         0x800'81d3    0xee  Code  Gb  stm32h7xx_hal_eth.o [7]
HAL_ETH_ReadPHYRegister
                         0x800'847b    0x5a  Code  Gb  stm32h7xx_hal_eth.o [7]
HAL_ETH_ReleaseTxPacket
                         0x800'832f    0x44  Code  Gb  stm32h7xx_hal_eth.o [7]
HAL_ETH_RxAllocateCallback
                         0x800'567d    0x3c  Code  Gb  ethernetif.o [4]
HAL_ETH_RxCpltCallback   0x800'51f5     0xa  Code  Gb  ethernetif.o [4]
HAL_ETH_RxLinkCallback   0x800'56b9    0x50  Code  Gb  ethernetif.o [4]
HAL_ETH_SetMACConfig     0x800'86cb    0x18  Code  Gb  stm32h7xx_hal_eth.o [7]
HAL_ETH_SetMDIOClockRange
                         0x800'86e3    0x66  Code  Gb  stm32h7xx_hal_eth.o [7]
HAL_ETH_Start_IT         0x800'8037    0x5e  Code  Gb  stm32h7xx_hal_eth.o [7]
HAL_ETH_Stop_IT          0x800'80ed    0x4c  Code  Gb  stm32h7xx_hal_eth.o [7]
HAL_ETH_Transmit_IT      0x800'8179    0x5a  Code  Gb  stm32h7xx_hal_eth.o [7]
HAL_ETH_TxCpltCallback   0x800'51ff     0xa  Code  Gb  ethernetif.o [4]
HAL_ETH_TxFreeCallback   0x800'5741     0x4  Code  Gb  ethernetif.o [4]
HAL_ETH_WakeUpCallback   0x800'aee1     0x2  Code  Wk  stm32h7xx_hal_eth.o [7]
HAL_ETH_WritePHYRegister
                         0x800'84d5    0x5a  Code  Gb  stm32h7xx_hal_eth.o [7]
HAL_GPIO_Init            0x800'98a9   0x1ee  Code  Gb  stm32h7xx_hal_gpio.o [7]
HAL_GPIO_TogglePin       0x800'9a9f    0x10  Code  Gb  stm32h7xx_hal_gpio.o [7]
HAL_GPIO_WritePin        0x800'9a97     0x8  Code  Gb  stm32h7xx_hal_gpio.o [7]
HAL_GetREVID             0x800'aab3     0x8  Code  Gb  stm32h7xx_hal.o [7]
HAL_GetTick              0x800'989d     0xc  Code  Wk  stm32h7xx_hal.o [7]
HAL_IncTick              0x800'ba99    0x10  Code  Wk  stm32h7xx_hal.o [7]
HAL_Init                 0x800'aa69    0x4a  Code  Gb  stm32h7xx_hal.o [7]
HAL_InitTick             0x800'bad5    0x7c  Code  Gb  stm32h7xx_hal_timebase_tim.o [2]
HAL_MPU_ConfigRegion     0x800'9b99    0x4c  Code  Gb  stm32h7xx_hal_cortex.o [7]
HAL_MPU_Disable          0x800'9b6b    0x14  Code  Gb  stm32h7xx_hal_cortex.o [7]
HAL_MPU_Enable           0x800'9b7f    0x1a  Code  Gb  stm32h7xx_hal_cortex.o [7]
HAL_MspInit              0x800'bb65    0x28  Code  Gb  stm32h7xx_hal_msp.o [2]
HAL_NVIC_EnableIRQ       0x800'9b55    0x16  Code  Gb  stm32h7xx_hal_cortex.o [7]
HAL_NVIC_SetPriority     0x800'9b19    0x3a  Code  Gb  stm32h7xx_hal_cortex.o [7]
HAL_NVIC_SetPriorityGrouping
                         0x800'9aff    0x1a  Code  Gb  stm32h7xx_hal_cortex.o [7]
HAL_PWREx_ConfigSupply   0x800'b541    0x44  Code  Gb  stm32h7xx_hal_pwr_ex.o [7]
HAL_RCCEx_GetD3PCLK1Freq
                         0x800'cd11     0xa  Code  Gb  stm32h7xx_hal_rcc_ex.o [7]
HAL_RCCEx_GetPLL2ClockFreq
                         0x800'cd31    0x58  Code  Gb  stm32h7xx_hal_rcc_ex.o [7]
HAL_RCCEx_GetPLL3ClockFreq
                         0x800'cd89    0x58  Code  Gb  stm32h7xx_hal_rcc_ex.o [7]
HAL_RCCEx_PeriphCLKConfig
                         0x800'c525   0x7c0  Code  Gb  stm32h7xx_hal_rcc_ex.o [7]
HAL_RCC_ClockConfig      0x800'aae9   0x1ac  Code  Gb  stm32h7xx_hal_rcc.o [7]
HAL_RCC_GetClockConfig   0x800'ae4f    0x4c  Code  Gb  stm32h7xx_hal_rcc.o [7]
HAL_RCC_GetHCLKFreq      0x800'adef    0x30  Code  Gb  stm32h7xx_hal_rcc.o [7]
HAL_RCC_GetPCLK1Freq     0x800'ae1f    0x10  Code  Gb  stm32h7xx_hal_rcc.o [7]
HAL_RCC_GetPCLK2Freq     0x800'ae2f     0xe  Code  Gb  stm32h7xx_hal_rcc.o [7]
HAL_RCC_GetSysClockFreq
                         0x800'acf1    0xf0  Code  Gb  stm32h7xx_hal_rcc.o [7]
HAL_RCC_OscConfig        0x800'b589   0x510  Code  Wk  stm32h7xx_hal_rcc.o [7]
HAL_SYSCFG_ETHInterfaceSelect
                         0x800'aabb     0xa  Code  Gb  stm32h7xx_hal.o [7]
HAL_TIMEx_Break2Callback
                         0x800'd52d     0x2  Code  Wk  stm32h7xx_hal_tim_ex.o [7]
HAL_TIMEx_BreakCallback
                         0x800'd52b     0x2  Code  Wk  stm32h7xx_hal_tim_ex.o [7]
HAL_TIMEx_CommutCallback
                         0x800'd531     0x2  Code  Wk  stm32h7xx_hal_tim_ex.o [7]
HAL_TIM_Base_Init        0x800'd1e1    0x1a  Code  Gb  stm32h7xx_hal_tim.o [7]
HAL_TIM_Base_MspInit     0x800'd525     0x2  Code  Wk  stm32h7xx_hal_tim.o [7]
HAL_TIM_Base_Start_IT    0x800'd1fb    0x7e  Code  Gb  stm32h7xx_hal_tim.o [7]
HAL_TIM_IC_CaptureCallback
                         0x800'd527     0x2  Code  Wk  stm32h7xx_hal_tim.o [7]
HAL_TIM_IRQHandler       0x800'd2f1   0x15c  Code  Gb  stm32h7xx_hal_tim.o [7]
HAL_TIM_OC_DelayElapsedCallback
                         0x800'd529     0x2  Code  Wk  stm32h7xx_hal_tim.o [7]
HAL_TIM_PWM_PulseFinishedCallback
                         0x800'd533     0x2  Code  Wk  stm32h7xx_hal_tim.o [7]
HAL_TIM_PeriodElapsedCallback
                         0x800'9859     0xe  Code  Gb  main.o [2]
HAL_TIM_TriggerCallback
                         0x800'd52f     0x2  Code  Wk  stm32h7xx_hal_tim.o [7]
HAL_UARTEx_DisableFifoMode
                         0x800'c431    0x3a  Code  Gb  stm32h7xx_hal_uart_ex.o [7]
HAL_UARTEx_SetRxFifoThreshold
                         0x800'c481    0x14  Code  Gb  stm32h7xx_hal_uart_ex.o [7]
HAL_UARTEx_SetTxFifoThreshold
                         0x800'c46b    0x16  Code  Gb  stm32h7xx_hal_uart_ex.o [7]
HAL_UART_Init            0x800'bc7d    0x34  Code  Gb  stm32h7xx_hal_uart.o [7]
HAL_UART_MspInit         0x800'b423    0x7c  Code  Gb  usart.o [2]
HAL_UART_Transmit        0x800'bcf7    0x9a  Code  Gb  stm32h7xx_hal_uart.o [7]
HASH_RNG_IRQHandler      0x800'f3dd          Code  Wk  startup_stm32h750xx.o [1]
HRTIM1_FLT_IRQHandler    0x800'f451          Code  Wk  startup_stm32h750xx.o [1]
HRTIM1_Master_IRQHandler
                         0x800'f439          Code  Wk  startup_stm32h750xx.o [1]
HRTIM1_TIMA_IRQHandler   0x800'f43d          Code  Wk  startup_stm32h750xx.o [1]
HRTIM1_TIMB_IRQHandler   0x800'f441          Code  Wk  startup_stm32h750xx.o [1]
HRTIM1_TIMC_IRQHandler   0x800'f445          Code  Wk  startup_stm32h750xx.o [1]
HRTIM1_TIMD_IRQHandler   0x800'f449          Code  Wk  startup_stm32h750xx.o [1]
HRTIM1_TIME_IRQHandler   0x800'f44d          Code  Wk  startup_stm32h750xx.o [1]
HSEM1_IRQHandler         0x800'f48d          Code  Wk  startup_stm32h750xx.o [1]
HardFault_Handler        0x800'f1ef     0x2  Code  Gb  stm32h7xx_it.o [2]
I2C1_ER_IRQHandler       0x800'f339          Code  Wk  startup_stm32h750xx.o [1]
I2C1_EV_IRQHandler       0x800'f335          Code  Wk  startup_stm32h750xx.o [1]
I2C2_ER_IRQHandler       0x800'f341          Code  Wk  startup_stm32h750xx.o [1]
I2C2_EV_IRQHandler       0x800'f33d          Code  Wk  startup_stm32h750xx.o [1]
I2C3_ER_IRQHandler       0x800'f3c1          Code  Wk  startup_stm32h750xx.o [1]
I2C3_EV_IRQHandler       0x800'f3bd          Code  Wk  startup_stm32h750xx.o [1]
I2C4_ER_IRQHandler       0x800'f41d          Code  Wk  startup_stm32h750xx.o [1]
I2C4_EV_IRQHandler       0x800'f419          Code  Wk  startup_stm32h750xx.o [1]
IP_ADDRESS              0x2000'43d4     0x4  Data  Gb  lwip.o [3]
JPEG_IRQHandler          0x800'f481          Code  Wk  startup_stm32h750xx.o [1]
LAN8742                 0x2000'0044    0x20  Data  Gb  ethernetif.o [4]
LAN8742_GetLinkState     0x800'95c7    0x94  Code  Gb  lan8742.o [5]
LAN8742_IOCtx           0x2000'0064    0x14  Data  Gb  ethernetif.o [4]
LAN8742_Init             0x800'9503    0xba  Code  Gb  lan8742.o [5]
LAN8742_RegisterBusIO    0x800'94d1    0x32  Code  Gb  lan8742.o [5]
LPTIM1_IRQHandler        0x800'f411          Code  Wk  startup_stm32h750xx.o [1]
LPTIM2_IRQHandler        0x800'f4bd          Code  Wk  startup_stm32h750xx.o [1]
LPTIM3_IRQHandler        0x800'f4c1          Code  Wk  startup_stm32h750xx.o [1]
LPTIM4_IRQHandler        0x800'f4c5          Code  Wk  startup_stm32h750xx.o [1]
LPTIM5_IRQHandler        0x800'f4c9          Code  Wk  startup_stm32h750xx.o [1]
LPUART1_IRQHandler       0x800'f4cd          Code  Wk  startup_stm32h750xx.o [1]
LTDC_ER_IRQHandler       0x800'f401          Code  Wk  startup_stm32h750xx.o [1]
LTDC_IRQHandler          0x800'f3fd          Code  Wk  startup_stm32h750xx.o [1]
MDIOS_IRQHandler         0x800'f47d          Code  Wk  startup_stm32h750xx.o [1]
MDIOS_WKUP_IRQHandler    0x800'f479          Code  Wk  startup_stm32h750xx.o [1]
MDMA_IRQHandler          0x800'f485          Code  Wk  startup_stm32h750xx.o [1]
MX_FREERTOS_Init         0x800'b4c1    0x1a  Code  Gb  freertos.o [2]
MX_FREERTOS_Init::os_thread_def_defaultTask
                         0x800'b508    0x1c  Data  Lc  freertos.o [2]
MX_FREERTOS_Init::os_thread_def_task_LED
                         0x800'b524    0x1c  Data  Lc  freertos.o [2]
MX_GPIO_Init             0x800'b32d    0x88  Code  Gb  gpio.o [2]
MX_LWIP_Init             0x800'd0d5    0xca  Code  Gb  lwip.o [3]
MX_LWIP_Init::os_thread_def_EthLink
                         0x800'd1b0    0x1c  Data  Lc  lwip.o [3]
MX_USART1_UART_Init      0x800'b3c5    0x5e  Code  Gb  usart.o [2]
MemManage_Handler        0x800'f1f1     0x2  Code  Gb  stm32h7xx_it.o [2]
NETMASK_ADDRESS         0x2000'43d8     0x4  Data  Gb  lwip.o [3]
NMI_Handler              0x800'f1ed     0x2  Code  Gb  stm32h7xx_it.o [2]
OTG_FS_EP1_IN_IRQHandler
                         0x800'f429          Code  Wk  startup_stm32h750xx.o [1]
OTG_FS_EP1_OUT_IRQHandler
                         0x800'f425          Code  Wk  startup_stm32h750xx.o [1]
OTG_FS_IRQHandler        0x800'f431          Code  Wk  startup_stm32h750xx.o [1]
OTG_FS_WKUP_IRQHandler   0x800'f42d          Code  Wk  startup_stm32h750xx.o [1]
OTG_HS_EP1_IN_IRQHandler
                         0x800'f3c9          Code  Wk  startup_stm32h750xx.o [1]
OTG_HS_EP1_OUT_IRQHandler
                         0x800'f3c5          Code  Wk  startup_stm32h750xx.o [1]
OTG_HS_IRQHandler        0x800'f3d1          Code  Wk  startup_stm32h750xx.o [1]
OTG_HS_WKUP_IRQHandler   0x800'f3cd          Code  Wk  startup_stm32h750xx.o [1]
PVD_AVD_IRQHandler       0x800'f2bd          Code  Wk  startup_stm32h750xx.o [1]
PendSV_Handler           0x800'bbb9          Code  Gb  portasm.o [8]
QUADSPI_IRQHandler       0x800'f40d          Code  Wk  startup_stm32h750xx.o [1]
RCCEx_PLL2_Config        0x800'cf11    0xac  Code  Lc  stm32h7xx_hal_rcc_ex.o [7]
RCCEx_PLL3_Config        0x800'cfbd    0xac  Code  Lc  stm32h7xx_hal_rcc_ex.o [7]
RCC_IRQHandler           0x800'f2cd          Code  Wk  startup_stm32h750xx.o [1]
RTC_Alarm_IRQHandler     0x800'f35d          Code  Wk  startup_stm32h750xx.o [1]
RTC_WKUP_IRQHandler      0x800'f2c5          Code  Wk  startup_stm32h750xx.o [1]
Region$$Table$$Base      0x800'f1c0           --   Gb  - Linker created -
Region$$Table$$Limit     0x800'f1e8           --   Gb  - Linker created -
Reset_Handler            0x800'f275          Code  Wk  startup_stm32h750xx.o [1]
RxAllocStatus           0x2000'0000     0x1  Data  Lc  ethernetif.o [4]
RxPktSemaphore          0x2000'003c     0x4  Data  Gb  ethernetif.o [4]
SAI1_IRQHandler          0x800'f3f9          Code  Wk  startup_stm32h750xx.o [1]
SAI2_IRQHandler          0x800'f409          Code  Wk  startup_stm32h750xx.o [1]
SAI3_IRQHandler          0x800'f465          Code  Wk  startup_stm32h750xx.o [1]
SAI4_IRQHandler          0x800'f4d9          Code  Wk  startup_stm32h750xx.o [1]
SDMMC1_IRQHandler        0x800'f379          Code  Wk  startup_stm32h750xx.o [1]
SDMMC2_IRQHandler        0x800'f489          Code  Wk  startup_stm32h750xx.o [1]
SPDIF_RX_IRQHandler      0x800'f421          Code  Wk  startup_stm32h750xx.o [1]
SPI1_IRQHandler          0x800'f345          Code  Wk  startup_stm32h750xx.o [1]
SPI2_IRQHandler          0x800'f349          Code  Wk  startup_stm32h750xx.o [1]
SPI3_IRQHandler          0x800'f381          Code  Wk  startup_stm32h750xx.o [1]
SPI4_IRQHandler          0x800'f3ed          Code  Wk  startup_stm32h750xx.o [1]
SPI5_IRQHandler          0x800'f3f1          Code  Wk  startup_stm32h750xx.o [1]
SPI6_IRQHandler          0x800'f3f5          Code  Wk  startup_stm32h750xx.o [1]
SVC_Handler              0x800'bc11          Code  Gb  portasm.o [8]
SWPMI1_IRQHandler        0x800'f469          Code  Wk  startup_stm32h750xx.o [1]
StartDefaultTask         0x800'b4db     0xe  Code  Gb  freertos.o [2]
SysTick_Handler          0x800'b031    0x26  Code  Gb  port.o [8]
SystemClock_Config       0x800'976d    0xec  Code  Gb  main.o [2]
SystemCoreClock         0x2000'0090     0x4  Data  Gb  system_stm32h7xx.o [6]
SystemD2Clock           0x2000'0094     0x4  Data  Gb  system_stm32h7xx.o [6]
SystemInit               0x800'ecf1    0x9a  Code  Gb  system_stm32h7xx.o [6]
TAMP_STAMP_IRQHandler    0x800'f2c1          Code  Wk  startup_stm32h750xx.o [1]
TIM15_IRQHandler         0x800'f46d          Code  Wk  startup_stm32h750xx.o [1]
TIM16_IRQHandler         0x800'f471          Code  Wk  startup_stm32h750xx.o [1]
TIM17_IRQHandler         0x800'f475          Code  Wk  startup_stm32h750xx.o [1]
TIM1_BRK_IRQHandler      0x800'f319          Code  Wk  startup_stm32h750xx.o [1]
TIM1_CC_IRQHandler       0x800'f325          Code  Wk  startup_stm32h750xx.o [1]
TIM1_TRG_COM_IRQHandler
                         0x800'f321          Code  Wk  startup_stm32h750xx.o [1]
TIM1_UP_IRQHandler       0x800'f31d          Code  Wk  startup_stm32h750xx.o [1]
TIM2_IRQHandler          0x800'f329          Code  Wk  startup_stm32h750xx.o [1]
TIM3_IRQHandler          0x800'f32d          Code  Wk  startup_stm32h750xx.o [1]
TIM4_IRQHandler          0x800'f331          Code  Wk  startup_stm32h750xx.o [1]
TIM5_IRQHandler          0x800'f37d          Code  Wk  startup_stm32h750xx.o [1]
TIM6_DAC_IRQHandler      0x800'f1f9     0x6  Code  Gb  stm32h7xx_it.o [2]
TIM7_IRQHandler          0x800'f38d          Code  Wk  startup_stm32h750xx.o [1]
TIM8_BRK_TIM12_IRQHandler
                         0x800'f361          Code  Wk  startup_stm32h750xx.o [1]
TIM8_CC_IRQHandler       0x800'f36d          Code  Wk  startup_stm32h750xx.o [1]
TIM8_TRG_COM_TIM14_IRQHandler
                         0x800'f369          Code  Wk  startup_stm32h750xx.o [1]
TIM8_UP_TIM13_IRQHandler
                         0x800'f365          Code  Wk  startup_stm32h750xx.o [1]
TIM_Base_SetConfig       0x800'd453    0xb2  Code  Gb  stm32h7xx_hal_tim.o [7]
Task_LED                 0x800'b4e9    0x14  Code  Gb  freertos.o [2]
TxConfig                0x2000'0004    0x38  Data  Gb  ethernetif.o [4]
TxPktSemaphore          0x2000'0040     0x4  Data  Gb  ethernetif.o [4]
UART4_IRQHandler         0x800'f385          Code  Wk  startup_stm32h750xx.o [1]
UART5_IRQHandler         0x800'f389          Code  Wk  startup_stm32h750xx.o [1]
UART7_IRQHandler         0x800'f3e5          Code  Wk  startup_stm32h750xx.o [1]
UART8_IRQHandler         0x800'f3e9          Code  Wk  startup_stm32h750xx.o [1]
UARTEx_SetNbDataToProcess
                         0x800'c4d5    0x3e  Code  Lc  stm32h7xx_hal_uart_ex.o [7]
UARTEx_SetNbDataToProcess::denominator
                         0x800'c51c     0x8  Data  Lc  stm32h7xx_hal_uart_ex.o [7]
UARTEx_SetNbDataToProcess::numerator
                         0x800'c514     0x8  Data  Lc  stm32h7xx_hal_uart_ex.o [7]
UARTPrescTable           0x800'c144    0x18  Data  Gb  stm32h7xx_hal_uart.o [7]
UART_AdvFeatureConfig    0x800'c175    0xc8  Code  Gb  stm32h7xx_hal_uart.o [7]
UART_CheckIdleState      0x800'c23d    0x94  Code  Gb  stm32h7xx_hal_uart.o [7]
UART_EndRxTransfer       0x800'c381    0x28  Code  Lc  stm32h7xx_hal_uart.o [7]
UART_SetConfig           0x800'bda1   0x3a4  Code  Gb  stm32h7xx_hal_uart.o [7]
UART_WaitOnFlagUntilTimeout
                         0x800'c2eb    0x8c  Code  Gb  stm32h7xx_hal_uart.o [7]
USART1_IRQHandler        0x800'f34d          Code  Wk  startup_stm32h750xx.o [1]
USART2_IRQHandler        0x800'f351          Code  Wk  startup_stm32h750xx.o [1]
USART3_IRQHandler        0x800'f355          Code  Wk  startup_stm32h750xx.o [1]
USART6_IRQHandler        0x800'f3b9          Code  Wk  startup_stm32h750xx.o [1]
UsageFault_Handler       0x800'f1f5     0x2  Code  Gb  stm32h7xx_it.o [2]
WAKEUP_PIN_IRQHandler    0x800'f4dd          Code  Wk  startup_stm32h750xx.o [1]
WWDG_IRQHandler          0x800'f2b9          Code  Wk  startup_stm32h750xx.o [1]
_LC                      0x800'6411     0x6  Code  Lc  xprintffull_nomb.o [10]
_LitobFullNoMb           0x800'70d9   0x114  Code  Lc  xprintffull_nomb.o [10]
_Locale_lconv           0x2000'00c4    0x38  Data  Lc  xlocale_c.o [10]
_PrintfFullNoMb          0x800'6417   0xc92  Code  Gb  xprintffull_nomb.o [10]
_Prout                   0x800'f25d    0x16  Code  Gb  xprout.o [10]
_PutcharsFullNoMb        0x800'7245    0x2e  Code  Lc  xprintffull_nomb.o [10]
_Rand_idx               0x2000'4398     0x4  Data  Lc  rand.o [10]
_Rand_rv                0x2000'4318    0x80  Data  Lc  rand.o [10]
_Randinit               0x2000'00bc     0x1  Data  Gb  rand.o [10]
_Randseed               0x2000'00c0     0x4  Data  Gb  rand.o [10]
__NVIC_SetPriority       0x800'9ae5    0x1a  Code  Lc  stm32h7xx_hal_cortex.o [7]
__aeabi_cdcmple          0x800'9df1          Code  Gb  DblCmpLe.o [11]
__aeabi_cdrcmple         0x800'9e25          Code  Gb  DblCmpGe.o [11]
__aeabi_d2iz             0x800'9f5d     0xe  Code  Gb  DblToS32.o [11]
__aeabi_d2uiz            0x800'9f9d     0xe  Code  Gb  DblToU32.o [11]
__aeabi_ddiv             0x800'9f8b    0x12  Code  Gb  DblDiv.o [11]
__aeabi_dmul             0x800'9fb9    0x12  Code  Gb  DblMul.o [11]
__aeabi_dsub             0x800'9f79    0x12  Code  Gb  DblSub.o [11]
__aeabi_i2d              0x800'9f6b     0xe  Code  Gb  S32ToDbl.o [11]
__aeabi_ldiv0            0x800'bab1          Code  Gb  I64DivZer.o [12]
__aeabi_memclr           0x800'8d21          Code  Gb  ABImemclr.o [12]
__aeabi_memclr4          0x800'4dbd          Code  Gb  ABImemclr4.o [12]
__aeabi_ui2d             0x800'9fab     0xe  Code  Gb  U32ToDbl.o [11]
__cmain                  0x800'f20d          Code  Gb  cmain.o [12]
__exit                   0x800'd1cd    0x14  Code  Gb  exit.o [13]
__iar_Fail_s             0x800'9cd5    0x1c  Code  Gb  xfail_s.o [10]
__iar_Memchr             0x800'9d29          Code  Gb  memchr.o [12]
__iar_Memset4_word       0x800'75a5          Code  Gb  ABImemset48.o [12]
__iar_Memset8_word       0x800'75a5          Code  Gb  ABImemset48.o [12]
__iar_Stdout            0x2000'00fc    0x48  Data  Gb  xfiles.o [10]
__iar_Strchr             0x800'9cbd          Code  Gb  strchr.o [12]
__iar_data_init3         0x800'f175    0x28  Code  Gb  data_init.o [12]
__iar_frexp              0x800'9d8d          Code  Gb  frexp.o [11]
__iar_frexpl             0x800'9d8d          Code  Gb  frexp.o [11]
__iar_init_vfp           0x800'f19d          Code  Gb  fpinit_M.o [11]
__iar_ldexp64            0x800'9e6d          Code  Gb  ldexp.o [11]
__iar_packbits_init_single3
                         0x800'4dc3    0x3a  Code  Gb  packbits_init_single.o [12]
__iar_program_start      0x800'f241          Code  Gb  cstartup_M.o [12]
__iar_scalbln64          0x800'9e6d          Code  Gb  ldexp.o [11]
__iar_scalbn64           0x800'9e6d          Code  Gb  ldexp.o [11]
__iar_small_Memcpy       0x800'4d0d          Code  Gb  ABImemcpy_small.o [12]
__iar_small_Memset       0x800'aee5          Code  Gb  ABImemset_small.o [12]
__iar_small_Memset_word
                         0x800'aee5          Code  Gb  ABImemset_small.o [12]
__iar_small_memcmp       0x800'bab5          Code  Gb  memcmp_small.o [12]
__iar_small_memcpy       0x800'4d09          Code  Gb  ABImemcpy_small.o [12]
__iar_small_memcpy4      0x800'4d09          Code  Gb  ABImemcpy_small.o [12]
__iar_small_memcpy8      0x800'4d09          Code  Gb  ABImemcpy_small.o [12]
__iar_small_memset       0x800'aee5          Code  Gb  ABImemset_small.o [12]
__iar_small_strlen       0x800'9d15          Code  Gb  strlen_small.o [12]
__iar_small_uldivmod     0x800'9fd5          Code  Gb  I64DivMod_small.o [12]
__iar_softfp___iar_frexp64
                         0x800'9d81          Code  Gb  frexp.o [11]
__iar_softfp___iar_ldexp64
                         0x800'9e59          Code  Gb  ldexp.o [11]
__iar_softfp___iar_scalbln64
                         0x800'9e59          Code  Gb  ldexp.o [11]
__iar_softfp___iar_scalbn64
                         0x800'9e59          Code  Gb  ldexp.o [11]
__iar_softfp_frexp       0x800'9d81          Code  Gb  frexp.o [11]
__iar_softfp_frexpl      0x800'9d81          Code  Gb  frexp.o [11]
__iar_softfp_ldexp       0x800'9e59          Code  Gb  ldexp.o [11]
__iar_softfp_ldexpl      0x800'9e59          Code  Gb  ldexp.o [11]
__iar_softfp_scalbln     0x800'9e59          Code  Gb  ldexp.o [11]
__iar_softfp_scalblnl    0x800'9e59          Code  Gb  ldexp.o [11]
__iar_softfp_scalbn      0x800'9e59          Code  Gb  ldexp.o [11]
__iar_softfp_scalbnl     0x800'9e59          Code  Gb  ldexp.o [11]
__iar_zero_init3         0x800'f13d    0x38  Code  Gb  zero_init3.o [12]
__low_level_init         0x800'f22b     0x4  Code  Gb  low_level_init.o [10]
__vector_table           0x800'0000          Data  Gb  startup_stm32h750xx.o [1]
__write                  0x800'f10d    0x30  Code  Gb  write.o [2]
_call_main               0x800'f219          Code  Gb  cmain.o [12]
_exit                    0x800'f235          Code  Gb  cexit.o [12]
abort                    0x800'baa9     0x6  Code  Gb  abort.o [10]
ackno                   0x2000'44b4     0x4  Data  Lc  tcp_in.o [9]
arp_table               0x2000'3fbc    0xf0  Data  Lc  etharp.o [9]
current_timeout_due_time
                        0x2000'4518     0x4  Data  Lc  timeouts.o [9]
defaultTaskHandle       0x2000'4504     0x4  Data  Gb  freertos.o [2]
do_memp_free_pool        0x800'44a5    0x2e  Code  Lc  memp.o [9]
do_memp_malloc_pool      0x800'4411    0x46  Code  Lc  memp.o [9]
etharp_cached_entry     0x2000'452a     0x1  Data  Lc  etharp.o [9]
etharp_cleanup_netif     0x800'7879    0x28  Code  Gb  etharp.o [9]
etharp_find_entry        0x800'765b   0x166  Code  Lc  etharp.o [9]
etharp_free_entry        0x800'75d9    0x20  Code  Lc  etharp.o [9]
etharp_input             0x800'78a1    0xa2  Code  Gb  etharp.o [9]
etharp_output            0x800'79bd   0x148  Code  Gb  etharp.o [9]
etharp_output_to_arp_index
                         0x800'7943    0x72  Code  Lc  etharp.o [9]
etharp_query             0x800'7b05   0x130  Code  Gb  etharp.o [9]
etharp_raw               0x800'7c3d    0xc8  Code  Lc  etharp.o [9]
etharp_request           0x800'7d2d     0x4  Code  Gb  etharp.o [9]
etharp_request_dst       0x800'7d0b    0x22  Code  Lc  etharp.o [9]
etharp_tmr               0x800'75f9    0x62  Code  Gb  etharp.o [9]
etharp_update_arp_entry
                         0x800'77c1    0xb8  Code  Lc  etharp.o [9]
ethbroadcast             0x800'aa60     0x8  Data  Gb  ethernet.o [9]
ethernet_input           0x800'a959    0x9c  Code  Gb  ethernet.o [9]
ethernet_link_status_updated
                         0x800'd1ad     0x2  Code  Lc  lwip.o [3]
ethernet_link_thread     0x800'55d1    0xaa  Code  Gb  ethernetif.o [4]
ethernet_output          0x800'a9f5    0x68  Code  Gb  ethernet.o [9]
ethernetif_init          0x800'52e1   0x188  Code  Gb  ethernetif.o [4]
ethernetif_input         0x800'529d    0x44  Code  Lc  ethernetif.o [4]
ethzero                  0x800'f29c     0x8  Data  Gb  ethernet.o [9]
exit                     0x800'f22f     0x4  Code  Gb  exit.o [10]
flags                   0x2000'4488     0x1  Data  Lc  tcp_in.o [9]
gnetif                  0x2000'439c    0x38  Data  Gb  lwip.o [3]
gw                      0x2000'43e8     0x4  Data  Gb  lwip.o [3]
heth                    0x2000'40ac    0xb0  Data  Gb  ethernetif.o [4]
htim6                   0x2000'443c    0x4c  Data  Gb  stm32h7xx_hal_timebase_tim.o [2]
huart1                  0x2000'41f8    0x94  Data  Gb  usart.o [2]
icmp_dest_unreach        0x800'58af     0x6  Code  Gb  icmp.o [9]
icmp_input               0x800'5775   0x13a  Code  Gb  icmp.o [9]
icmp_send_response       0x800'58b9    0x8e  Code  Lc  icmp.o [9]
icmp_time_exceeded       0x800'58b5     0x4  Code  Gb  icmp.o [9]
inet_chksum              0x800'9c63     0xc  Code  Gb  inet_chksum.o [9]
inet_chksum_pbuf         0x800'9c6f    0x4e  Code  Gb  inet_chksum.o [9]
inseg                   0x2000'448c    0x10  Data  Lc  tcp_in.o [9]
ip4_addr_isbroadcast_u32
                         0x800'1721    0x32  Code  Gb  ip4_addr.o [9]
ip4_frag                 0x800'5ed1   0x1be  Code  Gb  ip4_frag.o [9]
ip4_input                0x800'3f85   0x206  Code  Gb  ip4.o [9]
ip4_input_accept         0x800'3f5d    0x28  Code  Lc  ip4.o [9]
ip4_output_if            0x800'418b    0x28  Code  Gb  ip4.o [9]
ip4_output_if_src        0x800'41b5    0xd6  Code  Gb  ip4.o [9]
ip4_reass                0x800'5b05   0x378  Code  Gb  ip4_frag.o [9]
ip4_route                0x800'3ef9    0x64  Code  Gb  ip4.o [9]
ip_addr_any              0x800'f2b4     0x4  Data  Gb  ip4_addr.o [9]
ip_data                 0x2000'44c0    0x18  Data  Gb  ip.o [9]
ip_frag_free_pbuf_custom_ref
                         0x800'5e85    0x22  Code  Lc  ip4_frag.o [9]
ip_id                   0x2000'4528     0x2  Data  Lc  ip4.o [9]
ip_reass_dequeue_datagram
                         0x800'5ac7    0x3c  Code  Lc  ip4_frag.o [9]
ip_reass_free_complete_datagram
                         0x800'597d    0xda  Code  Lc  ip4_frag.o [9]
ip_reass_pbufcount      0x2000'450c     0x2  Data  Lc  ip4_frag.o [9]
ip_reass_remove_oldest_datagram
                         0x800'5a5f    0x68  Code  Lc  ip4_frag.o [9]
ip_reass_tmr             0x800'5951    0x2c  Code  Gb  ip4_frag.o [9]
ipaddr                  0x2000'43e0     0x4  Data  Gb  lwip.o [3]
ipfrag_free_pbuf_custom
                         0x800'5ea9    0x26  Code  Lc  ip4_frag.o [9]
ldexp                    0x800'9e6d          Code  Gb  ldexp.o [11]
ldexpl                   0x800'9e6d          Code  Gb  ldexp.o [11]
lfree                   0x2000'44e0     0x4  Data  Lc  mem.o [9]
localeconv               0x800'9fcd     0x4  Code  Gb  xlocale_c.o [10]
lock_tcpip_core         0x2000'44f4     0x4  Data  Gb  tcpip.o [9]
low_level_init::os_thread_def_EthIf
                         0x800'5758    0x1c  Data  Lc  ethernetif.o [4]
low_level_output         0x800'521d    0x80  Code  Lc  ethernetif.o [4]
lwip_cyclic_timer        0x800'3def    0x2a  Code  Lc  timeouts.o [9]
lwip_cyclic_timers       0x800'3ee0    0x18  Data  Gb  timeouts.o [9]
lwip_htonl               0x800'175f    0x1a  Code  Gb  def.o [9]
lwip_htons               0x800'1753     0xc  Code  Gb  def.o [9]
lwip_init                0x800'757d    0x26  Code  Gb  init.o [9]
lwip_standard_chksum     0x800'9c01    0x56  Code  Gb  inet_chksum.o [9]
lwip_sys_mutex          0x2000'451c     0x4  Data  Gb  sys_arch.o [9]
main                     0x800'9665    0xfc  Code  Gb  main.o [2]
makeFreeRtosPriority     0x800'72bd     0xc  Code  Lc  cmsis_os.o [8]
mem_free                 0x800'4807   0x17c  Code  Gb  mem.o [9]
mem_init                 0x800'47bd    0x4a  Code  Gb  mem.o [9]
mem_malloc               0x800'4ac1   0x140  Code  Gb  mem.o [9]
mem_mutex               0x2000'44e4     0x4  Data  Lc  mem.o [9]
mem_trim                 0x800'4989   0x130  Code  Gb  mem.o [9]
memchr                   0x800'9d29          Code  Gb  memchr.o [12]
memp_FRAG_PBUF           0x800'9fca     0x2  Data  Gb  memp.o [9]
memp_NETBUF              0x800'a0da     0x2  Data  Gb  memp.o [9]
[...]
netif_num               0x2000'44f8     0x1  Data  Lc  netif.o [9]
netif_set_addr           0x800'4fad    0x58  Code  Gb  netif.o [9]
netif_set_default        0x800'5005     0x6  Code  Gb  netif.o [9]
netif_set_down           0x800'508d    0x3a  Code  Gb  netif.o [9]
netif_set_link_callback
                         0x800'513d     0x6  Code  Gb  netif.o [9]
netif_set_link_down      0x800'510f    0x2e  Code  Gb  netif.o [9]
netif_set_link_up        0x800'50c7    0x38  Code  Gb  netif.o [9]
netif_set_up             0x800'500d    0x3e  Code  Gb  netif.o [9]
netmask                 0x2000'43e4     0x4  Data  Gb  lwip.o [3]
next_timeout            0x2000'4514     0x4  Data  Lc  timeouts.o [9]
obuf                    0x2000'43ec    0x50  Data  Lc  xfiles.o [10]
osDelay                  0x800'7341     0xe  Code  Gb  cmsis_os.o [8]
osKernelStart            0x800'72c9     0xa  Code  Gb  cmsis_os.o [8]
osKernelSysTick          0x800'72d3    0x10  Code  Gb  cmsis_os.o [8]
osMessageCreate          0x800'7471    0x2a  Code  Gb  cmsis_os.o [8]
osMessageGet             0x800'74d1    0x68  Code  Gb  cmsis_os.o [8]
osMessagePut             0x800'749b    0x36  Code  Gb  cmsis_os.o [8]
osMutexCreate            0x800'734f    0x12  Code  Gb  cmsis_os.o [8]
osMutexRelease           0x800'73a3    0x30  Code  Gb  cmsis_os.o [8]
osMutexWait              0x800'7361    0x42  Code  Gb  cmsis_os.o [8]
osSemaphoreRelease       0x800'7421    0x30  Code  Gb  cmsis_os.o [8]
osSemaphoreWait          0x800'73d3    0x42  Code  Gb  cmsis_os.o [8]
osThreadCreate           0x800'72e3    0x5e  Code  Gb  cmsis_os.o [8]
os_mutex_def_lwip_sys_mutex
                         0x800'43fc     0x8  Data  Gb  sys_arch.o [9]
pbuf_add_header          0x800'1ac7     0x4  Code  Gb  pbuf.o [9]
pbuf_add_header_impl     0x800'1a67    0x60  Code  Lc  pbuf.o [9]
pbuf_alloc               0x800'17c5   0x180  Code  Gb  pbuf.o [9]
pbuf_alloc_reference     0x800'1945    0x48  Code  Gb  pbuf.o [9]
pbuf_alloced_custom      0x800'198d    0x38  Code  Gb  pbuf.o [9]
pbuf_cat                 0x800'1c2f    0x72  Code  Gb  pbuf.o [9]
pbuf_clen                0x800'1beb    0x12  Code  Gb  pbuf.o [9]
pbuf_clone               0x800'1e21    0x32  Code  Gb  pbuf.o [9]
pbuf_copy                0x800'1ca1    0xf6  Code  Gb  pbuf.o [9]
pbuf_copy_partial        0x800'1d9d    0x82  Code  Gb  pbuf.o [9]
pbuf_free                0x800'1b2d    0xb8  Code  Gb  pbuf.o [9]
pbuf_free_custom         0x800'5469    0x1e  Code  Gb  ethernetif.o [4]
pbuf_free_ooseq_callback
                         0x800'1779    0x2e  Code  Lc  pbuf.o [9]
pbuf_free_ooseq_pending
                        0x2000'452b     0x1  Data  Gb  pbuf.o [9]
pbuf_header_force        0x800'1b29     0x4  Code  Gb  pbuf.o [9]
pbuf_header_impl         0x800'1b1b     0xe  Code  Lc  pbuf.o [9]
pbuf_init_alloced_pbuf   0x800'17a7    0x1e  Code  Lc  pbuf.o [9]
pbuf_realloc             0x800'19c5    0xa2  Code  Gb  pbuf.o [9]
pbuf_ref                 0x800'1bfd    0x32  Code  Gb  pbuf.o [9]
pbuf_remove_header       0x800'1acb    0x50  Code  Gb  pbuf.o [9]
printf                   0x800'42b1    0x28  Code  Gb  printf.o [10]
prvAddCurrentTaskToDelayedList
                         0x800'a8dd    0x5e  Code  Lc  tasks.o [8]
prvAddNewTaskToReadyList
                         0x800'a217    0xb0  Code  Lc  tasks.o [8]
prvCopyDataFromQueue     0x800'9429    0x26  Code  Lc  queue.o [8]
prvCopyDataToQueue       0x800'93c1    0x68  Code  Lc  queue.o [8]
prvDeleteTCB             0x800'a6a1    0x2a  Code  Lc  tasks.o [8]
prvIdleTask              0x800'a655    0x4c  Code  Lc  tasks.o [8]
prvInitialiseMutex       0x800'8e4d    0x12  Code  Lc  queue.o [8]
prvInitialiseNewQueue    0x800'8e35    0x18  Code  Lc  queue.o [8]
prvInitialiseNewTask     0x800'a19b    0x7c  Code  Lc  tasks.o [8]
prvInsertBlockIntoFreeList
                         0x800'b2bb    0x46  Code  Lc  heap_4.o [8]
prvIsQueueEmpty          0x800'94b7    0x16  Code  Lc  queue.o [8]
prvResetNextTaskUnblockTime
                         0x800'a6cb    0x1e  Code  Lc  tasks.o [8]
prvTaskExitError         0x800'af21    0x1c  Code  Lc  port.o [8]
prvUnlockQueue           0x800'944f    0x68  Code  Lc  queue.o [8]
putchar                  0x800'f0c9    0x44  Code  Gb  putchar.o [10]
pvPortMalloc             0x800'b155   0x104  Code  Gb  heap_4.o [8]
pvTaskIncrementMutexHeldCount
                         0x800'a8ab    0x14  Code  Gb  tasks.o [8]
pxCurrentTCB            0x2000'4184     0x4  Data  Gb  tasks.o [8]
pxDelayedTaskList       0x2000'4188     0x4  Data  Lc  tasks.o [8]
pxEnd                   0x2000'0150     0x4  Data  Lc  heap_4.o [8]
pxOverflowDelayedTaskList
                        0x2000'418c     0x4  Data  Lc  tasks.o [8]
pxPortInitialiseStack    0x800'aef9    0x26  Code  Gb  port.o [8]
pxReadyTasksLists       0x2000'428c    0x8c  Data  Lc  tasks.o [8]
ram                     0x2000'44d8     0x4  Data  Lc  mem.o [9]
ram_end                 0x2000'44dc     0x4  Data  Lc  mem.o [9]
rand                     0x800'4d21    0x8a  Code  Gb  rand.o [10]
reassdatagrams          0x2000'4510     0x4  Data  Lc  ip4_frag.o [9]
recv_acked              0x2000'44a2     0x2  Data  Lc  tcp_in.o [9]
recv_data               0x2000'44b8     0x4  Data  Lc  tcp_in.o [9]
recv_flags              0x2000'4489     0x1  Data  Lc  tcp_in.o [9]
scalbln                  0x800'9e6d          Code  Gb  ldexp.o [11]
scalblnl                 0x800'9e6d          Code  Gb  ldexp.o [11]
scalbn                   0x800'9e6d          Code  Gb  ldexp.o [11]
scalbnl                  0x800'9e6d          Code  Gb  ldexp.o [11]
scale                    0x800'71ed    0x46  Code  Lc  xprintffull_nomb.o [10]
sec_hand                0x2000'4524     0x4  Data  Lc  xfail_s.o [10]
seqno                   0x2000'44b0     0x4  Data  Lc  tcp_in.o [9]
strchr                   0x800'9cbd          Code  Gb  strchr.o [12]
sys_arch_mbox_fetch      0x800'4319    0x42  Code  Gb  sys_arch.o [9]
sys_arch_protect         0x800'43cd    0x12  Code  Gb  sys_arch.o [9]
sys_arch_unprotect       0x800'43df     0x2  Code  Gb  sys_arch.o [9]
sys_check_timeouts       0x800'3e6b    0x36  Code  Gb  timeouts.o [9]
sys_init                 0x800'4369    0x10  Code  Gb  sys_arch.o [9]
sys_mbox_new             0x800'42d9    0x2e  Code  Gb  sys_arch.o [9]
sys_mbox_trypost         0x800'4307    0x12  Code  Gb  sys_arch.o [9]
sys_mbox_valid           0x800'435b     0x2  Code  Gb  sys_arch.o [9]
sys_mutex_lock           0x800'4391     0xa  Code  Gb  sys_arch.o [9]
sys_mutex_new            0x800'4379    0x18  Code  Gb  sys_arch.o [9]
sys_mutex_new::os_mutex_def_MUTEX
                         0x800'4404     0x8  Data  Lc  sys_arch.o [9]
sys_mutex_unlock         0x800'439b     0x2  Code  Gb  sys_arch.o [9]
sys_now                  0x800'548f     0x4  Code  Gb  ethernetif.o [4]
sys_thread_new           0x800'439d    0x30  Code  Gb  sys_arch.o [9]
sys_timeout              0x800'3e3b    0x30  Code  Gb  timeouts.o [9]
sys_timeout_abs          0x800'3d93    0x5c  Code  Lc  timeouts.o [9]
sys_timeouts_init        0x800'3e19    0x22  Code  Gb  timeouts.o [9]
sys_timeouts_sleeptime   0x800'3ea1    0x22  Code  Gb  timeouts.o [9]
task_LEDHandle          0x2000'4508     0x4  Data  Gb  freertos.o [2]
tcp_abandon              0x800'2305    0xd8  Code  Gb  tcp.o [9]
tcp_abort                0x800'23f9     0x4  Code  Gb  tcp.o [9]
tcp_active_pcbs         0x2000'00a8     0x4  Data  Gb  tcp.o [9]
tcp_active_pcbs_changed
                        0x2000'0098     0x1  Data  Gb  tcp.o [9]
tcp_alloc                0x800'2ae3   0x112  Code  Gb  tcp.o [9]
tcp_backoff              0x800'2f14    0x10  Data  Lc  tcp.o [9]
tcp_bound_pcbs          0x2000'00a0     0x4  Data  Gb  tcp.o [9]
tcp_close                0x800'22b9    0x32  Code  Gb  tcp.o [9]
tcp_close_shutdown       0x800'2049   0x178  Code  Lc  tcp.o [9]
tcp_close_shutdown_fin   0x800'21c1    0x72  Code  Lc  tcp.o [9]
tcp_create_segment       0x800'2f41    0xc8  Code  Lc  tcp_out.o [9]
tcp_eff_send_mss_netif   0x800'2d33    0x38  Code  Gb  tcp.o [9]
tcp_enqueue_flags        0x800'31ff   0x11c  Code  Gb  tcp_out.o [9]
tcp_fasttmr              0x800'28ef    0x62  Code  Gb  tcp.o [9]
tcp_free                 0x800'1fed    0x1e  Code  Gb  tcp.o [9]
tcp_free_acked_segments
                         0x800'0d69    0x9c  Code  Lc  tcp_in.o [9]
tcp_free_ooseq           0x800'2df9    0x12  Code  Gb  tcp.o [9]
tcp_get_next_optbyte     0x800'1567    0x24  Code  Lc  tcp_in.o [9]
tcp_init                 0x800'1fd5    0x16  Code  Gb  tcp.o [9]
tcp_input                0x800'0299   0x940  Code  Gb  tcp_in.o [9]
tcp_input_delayed_close
                         0x800'0c9f    0x46  Code  Lc  tcp_in.o [9]
tcp_input_pcb           0x2000'44bc     0x4  Data  Gb  tcp_in.o [9]
tcp_keepalive            0x800'3a61    0x50  Code  Gb  tcp_out.o [9]
tcp_kill_state           0x800'2a8d    0x56  Code  Lc  tcp.o [9]
tcp_listen_pcbs         0x2000'00a4     0x4  Data  Gb  tcp.o [9]
tcp_netif_ip_addr_changed
                         0x800'2da1    0x40  Code  Gb  tcp.o [9]
tcp_netif_ip_addr_changed_pcblist
                         0x800'2d6b    0x34  Code  Lc  tcp.o [9]
tcp_next_iss             0x800'2d11    0x22  Code  Gb  tcp.o [9]
tcp_next_iss::iss       0x2000'00b0     0x4  Data  Lc  tcp.o [9]
tcp_oos_insert_segment   0x800'0ced    0x7c  Code  Lc  tcp_in.o [9]
tcp_optidx              0x2000'44a0     0x2  Data  Lc  tcp_in.o [9]
tcp_output               0x800'332b   0x2e6  Code  Gb  tcp_out.o [9]
tcp_output_alloc_header
                         0x800'3881    0x4a  Code  Lc  tcp_out.o [9]
tcp_output_alloc_header_common
                         0x800'37f7    0x8a  Code  Lc  tcp_out.o [9]
tcp_output_control_segment
                         0x800'3917    0x5a  Code  Lc  tcp_out.o [9]
tcp_output_fill_options
                         0x800'38cb    0x46  Code  Lc  tcp_out.o [9]
tcp_output_segment_busy
                         0x800'361f    0x2a  Code  Lc  tcp_out.o [9]
tcp_parseopt             0x800'158d    0x76  Code  Lc  tcp_in.o [9]
tcp_pcb_lists            0x800'2500    0x10  Data  Gb  tcp.o [9]
tcp_pcb_purge            0x800'2bfb    0x5a  Code  Gb  tcp.o [9]
tcp_pcb_remove           0x800'2c5d    0xae  Code  Gb  tcp.o [9]
tcp_persist_backoff      0x800'2f24     0x8  Data  Lc  tcp.o [9]
tcp_port                0x2000'0144     0x2  Data  Lc  tcp.o [9]
tcp_process_refused_data
                         0x800'2961    0x86  Code  Gb  tcp.o [9]
tcp_receive              0x800'0e2d   0x716  Code  Lc  tcp_in.o [9]
tcp_recv_null            0x800'2a4b    0x38  Code  Gb  tcp.o [9]
tcp_recved               0x800'247d    0x6c  Code  Gb  tcp.o [9]
tcp_rexmit               0x800'371d    0x6c  Code  Gb  tcp_out.o [9]
tcp_rexmit_fast          0x800'3791    0x66  Code  Gb  tcp_out.o [9]
tcp_rexmit_rto           0x800'36f1    0x2c  Code  Gb  tcp_out.o [9]
tcp_rexmit_rto_commit    0x800'36c1    0x30  Code  Gb  tcp_out.o [9]
tcp_rexmit_rto_prepare   0x800'3649    0x70  Code  Gb  tcp_out.o [9]
tcp_route                0x800'2f2d    0x12  Code  Lc  tcp_out.o [9]
tcp_rst                  0x800'3971    0x86  Code  Gb  tcp_out.o [9]
tcp_seg_copy             0x800'2a11    0x3a  Code  Gb  tcp.o [9]
tcp_seg_free             0x800'29f9    0x18  Code  Gb  tcp.o [9]
tcp_segs_free            0x800'29e7    0x12  Code  Gb  tcp.o [9]
tcp_send_empty_ack       0x800'39f9    0x66  Code  Gb  tcp_out.o [9]
tcp_send_fin             0x800'31b1    0x4e  Code  Gb  tcp_out.o [9]
tcp_slowtmr              0x800'2535   0x3ac  Code  Gb  tcp.o [9]
tcp_split_unsent_seg     0x800'304b   0x166  Code  Gb  tcp_out.o [9]
tcp_ticks               0x2000'009c     0x4  Data  Gb  tcp.o [9]
tcp_timer               0x2000'452c     0x1  Data  Lc  tcp.o [9]
tcp_timer_ctr           0x2000'0099     0x1  Data  Lc  tcp.o [9]
tcp_timer_needed         0x800'3d65    0x2e  Code  Gb  timeouts.o [9]
tcp_tmr                  0x800'2029    0x1e  Code  Gb  tcp.o [9]
tcp_trigger_input_pcb_close
                         0x800'1603     0xc  Code  Gb  tcp_in.o [9]
tcp_tw_pcbs             0x2000'00ac     0x4  Data  Gb  tcp.o [9]
tcp_update_rcv_ann_wnd   0x800'23fd    0x62  Code  Gb  tcp.o [9]
tcp_zero_window_probe    0x800'3ab1    0xbe  Code  Gb  tcp_out.o [9]
tcphdr                  0x2000'44a8     0x4  Data  Lc  tcp_in.o [9]
tcphdr_opt1len          0x2000'449e     0x2  Data  Lc  tcp_in.o [9]
tcphdr_opt2             0x2000'44ac     0x4  Data  Lc  tcp_in.o [9]
tcphdr_optlen           0x2000'449c     0x2  Data  Lc  tcp_in.o [9]
tcpip_init               0x800'4709    0x60  Code  Gb  tcpip.o [9]
tcpip_init_done         0x2000'44e8     0x4  Data  Lc  tcpip.o [9]
tcpip_init_done_arg     0x2000'44ec     0x4  Data  Lc  tcpip.o [9]
tcpip_inpkt              0x800'4655    0x50  Code  Gb  tcpip.o [9]
tcpip_input              0x800'46a5    0x10  Code  Gb  tcpip.o [9]
tcpip_mbox              0x2000'44f0     0x4  Data  Lc  tcpip.o [9]
tcpip_tcp_timer          0x800'3d3d    0x28  Code  Lc  timeouts.o [9]
tcpip_tcp_timer_active  0x2000'4520     0x4  Data  Lc  timeouts.o [9]
tcpip_thread             0x800'4595    0xae  Code  Lc  tcpip.o [9]
tcpip_try_callback       0x800'46b5    0x48  Code  Gb  tcpip.o [9]
tcplen                  0x2000'44a4     0x2  Data  Lc  tcp_in.o [9]
ucHeap                  0x2000'0168  0x3c00  Data  Lc  heap_4.o [8]
ucMaxSysCallPriority    0x2000'0078     0x1  Data  Lc  port.o [8]
udp_init                 0x800'61d5    0x16  Code  Gb  udp.o [9]
udp_input                0x800'61eb   0x196  Code  Gb  udp.o [9]
udp_netif_ip_addr_changed
                         0x800'6381    0x30  Code  Gb  udp.o [9]
udp_pcbs                0x2000'00b8     0x4  Data  Gb  udp.o [9]
udp_port                0x2000'00b4     0x2  Data  Lc  udp.o [9]
ulMaxPRIGROUPValue      0x2000'0080     0x4  Data  Lc  port.o [8]
uwTick                  0x2000'0088     0x4  Data  Gb  stm32h7xx_hal.o [7]
uwTickFreq              0x2000'0084     0x1  Data  Gb  stm32h7xx_hal.o [7]
uwTickPrio              0x2000'008c     0x4  Data  Gb  stm32h7xx_hal.o [7]
uxCriticalNesting       0x2000'007c     0x4  Data  Lc  port.o [8]
uxCurrentNumberOfTasks  0x2000'41a8     0x4  Data  Lc  tasks.o [8]
uxDeletedTasksWaitingCleanUp
                        0x2000'4190     0x4  Data  Lc  tasks.o [8]
uxListRemove             0x800'b12b    0x28  Code  Gb  list.o [8]
uxSchedulerSuspended    0x2000'41cc     0x4  Data  Lc  tasks.o [8]
uxTaskNumber            0x2000'41c4     0x4  Data  Lc  tasks.o [8]
uxTopReadyPriority      0x2000'41b0     0x4  Data  Lc  tasks.o [8]
vApplicationGetIdleTaskMemory
                         0x800'b4b1    0x10  Code  Gb  freertos.o [2]
vListInitialise          0x800'b0bf    0x1a  Code  Gb  list.o [8]
vListInitialiseItem      0x800'b0d9     0x6  Code  Gb  list.o [8]
vListInsert              0x800'b0f9    0x32  Code  Gb  list.o [8]
vListInsertEnd           0x800'b0df    0x1a  Code  Gb  list.o [8]
vPortEnableVFP           0x800'bc4d          Code  Gb  portasm.o [8]
vPortEnterCritical       0x800'afdd    0x32  Code  Gb  port.o [8]
vPortExitCritical        0x800'b00f    0x22  Code  Gb  port.o [8]
vPortFree                0x800'b267    0x54  Code  Gb  heap_4.o [8]
vPortSetupTimerInterrupt
                         0x800'bb8d    0x2c  Code  Wk  port.o [8]
vPortStartFirstTask      0x800'bc2d          Code  Gb  portasm.o [8]
vPortValidateInterruptPriority
                         0x800'b059    0x34  Code  Gb  port.o [8]
vTaskDelay               0x800'a2d1    0x2e  Code  Gb  tasks.o [8]
vTaskInternalSetTimeOutState
                         0x800'a5dd     0xe  Code  Gb  tasks.o [8]
vTaskMissedYield         0x800'a649     0xa  Code  Gb  tasks.o [8]
vTaskPlaceOnEventList    0x800'a55d    0x24  Code  Gb  tasks.o [8]
vTaskPriorityDisinheritAfterTimeout
                         0x800'a825    0x80  Code  Gb  tasks.o [8]
vTaskStartScheduler      0x800'a32f    0x50  Code  Gb  tasks.o [8]
vTaskSuspendAll          0x800'a37f     0xc  Code  Gb  tasks.o [8]
vTaskSwitchContext       0x800'a50b    0x52  Code  Gb  tasks.o [8]
xBlockAllocatedBit      0x2000'0164     0x4  Data  Lc  heap_4.o [8]
xDelayedTaskList1       0x2000'41d0    0x14  Data  Lc  tasks.o [8]
xDelayedTaskList2       0x2000'41e4    0x14  Data  Lc  tasks.o [8]
xFreeBytesRemaining     0x2000'0154     0x4  Data  Lc  heap_4.o [8]
xIdleStack              0x2000'3dbc   0x200  Data  Lc  freertos.o [2]
xIdleTaskTCBBuffer      0x2000'3d68    0x54  Data  Lc  freertos.o [2]
xMinimumEverFreeBytesRemaining
                        0x2000'0158     0x4  Data  Lc  heap_4.o [8]
xNextTaskUnblockTime    0x2000'41c8     0x4  Data  Lc  tasks.o [8]
xNumOfOverflows         0x2000'41c0     0x4  Data  Lc  tasks.o [8]
xNumberOfSuccessfulAllocations
                        0x2000'015c     0x4  Data  Lc  heap_4.o [8]
xNumberOfSuccessfulFrees
                        0x2000'0160     0x4  Data  Lc  heap_4.o [8]
xPendedTicks            0x2000'41b8     0x4  Data  Lc  tasks.o [8]
xPendingReadyList       0x2000'415c    0x14  Data  Lc  tasks.o [8]
xPortStartScheduler      0x800'af3d    0xa0  Code  Gb  port.o [8]
xQueueCreateMutex        0x800'8e5f    0x16  Code  Gb  queue.o [8]
xQueueCreateMutexStatic
                         0x800'8e75    0x1a  Code  Gb  queue.o [8]
xQueueGenericCreate      0x800'8dfd    0x38  Code  Gb  queue.o [8]
xQueueGenericCreateStatic
                         0x800'8d9b    0x62  Code  Gb  queue.o [8]
xQueueGenericReset       0x800'8d29    0x72  Code  Gb  queue.o [8]
xQueueGenericSend        0x800'8e8f   0x120  Code  Gb  queue.o [8]
xQueueGenericSendFromISR
                         0x800'8fb7    0x8c  Code  Gb  queue.o [8]
xQueueGiveFromISR        0x800'9043    0x70  Code  Gb  queue.o [8]
xQueueReceive            0x800'90c7    0xfe  Code  Gb  queue.o [8]
xQueueReceiveFromISR     0x800'932f    0x82  Code  Gb  queue.o [8]
xQueueSemaphoreTake      0x800'91cf   0x128  Code  Gb  queue.o [8]
xSchedulerRunning       0x2000'41b4     0x4  Data  Lc  tasks.o [8]
xStart                  0x2000'0148     0x8  Data  Lc  heap_4.o [8]
xSuspendedTaskList      0x2000'4194    0x14  Data  Lc  tasks.o [8]
xTaskCheckForTimeOut     0x800'a5eb    0x5e  Code  Gb  tasks.o [8]
xTaskCreate              0x800'a13f    0x5c  Code  Gb  tasks.o [8]
xTaskCreateStatic        0x800'a0dd    0x62  Code  Gb  tasks.o [8]
xTaskGetSchedulerState   0x800'a6e9    0x18  Code  Gb  tasks.o [8]
xTaskGetTickCount        0x800'a435     0x8  Code  Gb  tasks.o [8]
xTaskGetTickCountFromISR
                         0x800'a43d     0xe  Code  Gb  tasks.o [8]
xTaskIncrementTick       0x800'a44b    0xc0  Code  Gb  tasks.o [8]
xTaskPriorityDisinherit
                         0x800'a785    0x90  Code  Gb  tasks.o [8]
xTaskPriorityInherit     0x800'a701    0x84  Code  Gb  tasks.o [8]
xTaskRemoveFromEventList
                         0x800'a581    0x52  Code  Gb  tasks.o [8]
xTaskResumeAll           0x800'a38b    0xa2  Code  Gb  tasks.o [8]
xTasksWaitingTermination
                        0x2000'4170    0x14  Data  Lc  tasks.o [8]
xTickCount              0x2000'41ac     0x4  Data  Lc  tasks.o [8]
xYieldPending           0x2000'41bc     0x4  Data  Lc  tasks.o [8]


[1] = E:\STM32H750XB_ETH\EWARM\STM32H750XB_ETH\Obj\Application\EWARM
[2] = E:\STM32H750XB_ETH\EWARM\STM32H750XB_ETH\Obj\Application\User\Core
[3] = E:\STM32H750XB_ETH\EWARM\STM32H750XB_ETH\Obj\Application\User\LWIP\App
[4] = E:\STM32H750XB_ETH\EWARM\STM32H750XB_ETH\Obj\Application\User\LWIP\Target
[5] = E:\STM32H750XB_ETH\EWARM\STM32H750XB_ETH\Obj\Drivers\BSP\Components
[6] = E:\STM32H750XB_ETH\EWARM\STM32H750XB_ETH\Obj\Drivers\CMSIS
[7] = E:\STM32H750XB_ETH\EWARM\STM32H750XB_ETH\Obj\Drivers\STM32H7xx_HAL_Driver
[8] = E:\STM32H750XB_ETH\EWARM\STM32H750XB_ETH\Obj\Middlewares\FreeRTOS
[9] = E:\STM32H750XB_ETH\EWARM\STM32H750XB_ETH\Obj\Middlewares\LwIP
[10] = dl7M_tlf.a
[11] = m7M_tlv.a
[12] = rt7M_tl.a
[13] = shb_l.a

  55'717 bytes of readonly  code memory
   7'122 bytes of readonly  data memory
  21'803 bytes of readwrite data memory (+ 192 absolute)

Errors: none
Warnings: none
